Archive member included because of file (symbol)

c:/altera/12.1/nios2eds/bin/gnu/h-i686-mingw32/bin/../lib/gcc/nios2-elf/4.1.2/mno-hw-mul\libgcc.a(lib2-mul.o)
                              obj/default/network_utilities.o (__mulsi3)
c:/altera/12.1/nios2eds/bin/gnu/h-i686-mingw32/bin/../lib/gcc/nios2-elf/4.1.2/../../../../nios2-elf/lib/mno-hw-mul\libc.a(lib_a-ctype_.o)
                              obj/default/network_utilities.o (__ctype_ptr)
c:/altera/12.1/nios2eds/bin/gnu/h-i686-mingw32/bin/../lib/gcc/nios2-elf/4.1.2/../../../../nios2-elf/lib/mno-hw-mul\libc.a(lib_a-fprintf.o)
                              obj/default/alt_error_handler.o (fprintf)
c:/altera/12.1/nios2eds/bin/gnu/h-i686-mingw32/bin/../lib/gcc/nios2-elf/4.1.2/../../../../nios2-elf/lib/mno-hw-mul\libc.a(lib_a-fwrite.o)
                              obj/default/alt_error_handler.o (fwrite)
c:/altera/12.1/nios2eds/bin/gnu/h-i686-mingw32/bin/../lib/gcc/nios2-elf/4.1.2/../../../../nios2-elf/lib/mno-hw-mul\libc.a(lib_a-getc.o)
                              obj/default/network_utilities.o (getc)
c:/altera/12.1/nios2eds/bin/gnu/h-i686-mingw32/bin/../lib/gcc/nios2-elf/4.1.2/../../../../nios2-elf/lib/mno-hw-mul\libc.a(lib_a-impure.o)
                              obj/default/alt_error_handler.o (_impure_ptr)
c:/altera/12.1/nios2eds/bin/gnu/h-i686-mingw32/bin/../lib/gcc/nios2-elf/4.1.2/../../../../nios2-elf/lib/mno-hw-mul\libc.a(lib_a-memcpy.o)
                              obj/default/simple_socket_server.o (memcpy)
c:/altera/12.1/nios2eds/bin/gnu/h-i686-mingw32/bin/../lib/gcc/nios2-elf/4.1.2/../../../../nios2-elf/lib/mno-hw-mul\libc.a(lib_a-memmove.o)
                              obj/default/simple_socket_server.o (memmove)
c:/altera/12.1/nios2eds/bin/gnu/h-i686-mingw32/bin/../lib/gcc/nios2-elf/4.1.2/../../../../nios2-elf/lib/mno-hw-mul\libc.a(lib_a-memset.o)
                              obj/default/simple_socket_server.o (memset)
c:/altera/12.1/nios2eds/bin/gnu/h-i686-mingw32/bin/../lib/gcc/nios2-elf/4.1.2/../../../../nios2-elf/lib/mno-hw-mul\libc.a(lib_a-perror.o)
                              obj/default/alt_error_handler.o (perror)
c:/altera/12.1/nios2eds/bin/gnu/h-i686-mingw32/bin/../lib/gcc/nios2-elf/4.1.2/../../../../nios2-elf/lib/mno-hw-mul\libc.a(lib_a-printf.o)
                              obj/default/alt_error_handler.o (printf)
c:/altera/12.1/nios2eds/bin/gnu/h-i686-mingw32/bin/../lib/gcc/nios2-elf/4.1.2/../../../../nios2-elf/lib/mno-hw-mul\libc.a(lib_a-putc.o)
                              obj/default/network_utilities.o (putc)
c:/altera/12.1/nios2eds/bin/gnu/h-i686-mingw32/bin/../lib/gcc/nios2-elf/4.1.2/../../../../nios2-elf/lib/mno-hw-mul\libc.a(lib_a-putchar.o)
                              obj/default/network_utilities.o (putchar)
c:/altera/12.1/nios2eds/bin/gnu/h-i686-mingw32/bin/../lib/gcc/nios2-elf/4.1.2/../../../../nios2-elf/lib/mno-hw-mul\libc.a(lib_a-puts.o)
                              obj/default/alt_error_handler.o (puts)
c:/altera/12.1/nios2eds/bin/gnu/h-i686-mingw32/bin/../lib/gcc/nios2-elf/4.1.2/../../../../nios2-elf/lib/mno-hw-mul\libc.a(lib_a-rget.o)
                              c:/altera/12.1/nios2eds/bin/gnu/h-i686-mingw32/bin/../lib/gcc/nios2-elf/4.1.2/../../../../nios2-elf/lib/mno-hw-mul\libc.a(lib_a-getc.o) (__srget_r)
c:/altera/12.1/nios2eds/bin/gnu/h-i686-mingw32/bin/../lib/gcc/nios2-elf/4.1.2/../../../../nios2-elf/lib/mno-hw-mul\libc.a(lib_a-sprintf.o)
                              obj/default/simple_socket_server.o (sprintf)
c:/altera/12.1/nios2eds/bin/gnu/h-i686-mingw32/bin/../lib/gcc/nios2-elf/4.1.2/../../../../nios2-elf/lib/mno-hw-mul\libc.a(lib_a-strchr.o)
                              obj/default/simple_socket_server.o (strchr)
c:/altera/12.1/nios2eds/bin/gnu/h-i686-mingw32/bin/../lib/gcc/nios2-elf/4.1.2/../../../../nios2-elf/lib/mno-hw-mul\libc.a(lib_a-strerror.o)
                              c:/altera/12.1/nios2eds/bin/gnu/h-i686-mingw32/bin/../lib/gcc/nios2-elf/4.1.2/../../../../nios2-elf/lib/mno-hw-mul\libc.a(lib_a-perror.o) (strerror)
c:/altera/12.1/nios2eds/bin/gnu/h-i686-mingw32/bin/../lib/gcc/nios2-elf/4.1.2/../../../../nios2-elf/lib/mno-hw-mul\libc.a(lib_a-strlen.o)
                              c:/altera/12.1/nios2eds/bin/gnu/h-i686-mingw32/bin/../lib/gcc/nios2-elf/4.1.2/../../../../nios2-elf/lib/mno-hw-mul\libc.a(lib_a-puts.o) (strlen)
c:/altera/12.1/nios2eds/bin/gnu/h-i686-mingw32/bin/../lib/gcc/nios2-elf/4.1.2/../../../../nios2-elf/lib/mno-hw-mul\libc.a(lib_a-u_strerr.o)
                              c:/altera/12.1/nios2eds/bin/gnu/h-i686-mingw32/bin/../lib/gcc/nios2-elf/4.1.2/../../../../nios2-elf/lib/mno-hw-mul\libc.a(lib_a-strerror.o) (_user_strerror)
c:/altera/12.1/nios2eds/bin/gnu/h-i686-mingw32/bin/../lib/gcc/nios2-elf/4.1.2/../../../../nios2-elf/lib/mno-hw-mul\libc.a(lib_a-vfprintf.o)
                              c:/altera/12.1/nios2eds/bin/gnu/h-i686-mingw32/bin/../lib/gcc/nios2-elf/4.1.2/../../../../nios2-elf/lib/mno-hw-mul\libc.a(lib_a-printf.o) (___vfprintf_internal_r)
[...]
Memory Configuration

Name             Origin             Length             Attributes
descriptor_memory 0x00001000         0x00000800
epcs_flash_controller_0 0x00002000         0x00000800
onchip_ram_BEFORE_RESET 0x00080000         0x00000020
reset            0x00080020         0x00000020
onchip_ram_BEFORE_EXCEPTION 0x00080040         0x00000020
onchip_ram       0x00080060         0x00003fa0
ext_flash        0x08000000         0x01000000
ssram            0x0d000000         0x00200000
*default*        0x00000000         0xffffffff

Linker script and memory map

LOAD ../softwareVol1_bsp//obj/HAL/src/crt0.o
LOAD obj/default/alt_error_handler.o
LOAD obj/default/iniche_init.o
LOAD obj/default/led.o
LOAD obj/default/network_utilities.o
LOAD obj/default/simple_socket_server.o
LOAD obj/default/tse_my_system.o
LOAD c:/altera/12.1/nios2eds/bin/gnu/h-i686-mingw32/bin/../lib/gcc/nios2-elf/4.1.2/../../../../nios2-elf/lib/mno-hw-mul\libstdc++.a
LOAD c:/altera/12.1/nios2eds/bin/gnu/h-i686-mingw32/bin/../lib/gcc/nios2-elf/4.1.2/../../../../nios2-elf/lib/mno-hw-mul\libm.a
LOAD c:/altera/12.1/nios2eds/bin/gnu/h-i686-mingw32/bin/../lib/gcc/nios2-elf/4.1.2/mno-hw-mul\libgcc.a
START GROUP
LOAD c:/altera/12.1/nios2eds/bin/gnu/h-i686-mingw32/bin/../lib/gcc/nios2-elf/4.1.2/../../../../nios2-elf/lib/mno-hw-mul\libc.a
LOAD c:/altera/12.1/nios2eds/bin/gnu/h-i686-mingw32/bin/../lib/gcc/nios2-elf/4.1.2/mno-hw-mul\libgcc.a
LOAD ../softwareVol1_bsp/\libucosii_bsp.a
END GROUP
LOAD c:/altera/12.1/nios2eds/bin/gnu/h-i686-mingw32/bin/../lib/gcc/nios2-elf/4.1.2/mno-hw-mul\libgcc.a
                0x00001000                __alt_mem_descriptor_memory = 0x1000
                0x00002000                __alt_mem_epcs_flash_controller_0 = 0x2000
                0x00080000                __alt_mem_onchip_ram = 0x80000
                0x08000000                __alt_mem_ext_flash = 0x8000000
                0x0d000000                __alt_mem_ssram = 0xd000000

.entry          0x00080020       0x20
 *(.entry)
 .entry         0x00080020       0x20 ../softwareVol1_bsp//obj/HAL/src/crt0.o
                0x00080020                __reset

.exceptions     0x00080060      0x19c load address 0x0d000000
                0x00080060                PROVIDE (__ram_exceptions_start, ABSOLUTE (.))
                0x00080060                . = ALIGN (0x20)
 *(.irq)
 *(.exceptions.entry.label)
 .exceptions.entry.label
                0x00080060        0x0 ../softwareVol1_bsp/\libucosii_bsp.a(alt_irq_entry.o)
                0x00080060                alt_irq_entry
 .exceptions.entry.label
                0x00080060        0x0 ../softwareVol1_bsp/\libucosii_bsp.a(alt_exception_entry.o)
                0x00080060                alt_exception
 *(.exceptions.entry.user)
 *(.exceptions.entry)
 .exceptions.entry
                0x00080060       0x54 ../softwareVol1_bsp/\libucosii_bsp.a(alt_exception_entry.o)
 *(.exceptions.irqtest.user)
 *(.exceptions.irqtest)
 .exceptions.irqtest
                0x000800b4       0x10 ../softwareVol1_bsp/\libucosii_bsp.a(alt_irq_entry.o)
 *(.exceptions.irqhandler.user)
 *(.exceptions.irqhandler)
 .exceptions.irqhandler
                0x000800c4        0x4 ../softwareVol1_bsp/\libucosii_bsp.a(alt_irq_entry.o)
 *(.exceptions.irqreturn.user)
 *(.exceptions.irqreturn)
 .exceptions.irqreturn
                0x000800c8        0x4 ../softwareVol1_bsp/\libucosii_bsp.a(alt_irq_entry.o)
 *(.exceptions.notirq.label)
 .exceptions.notirq.label
                0x000800cc        0x0 ../softwareVol1_bsp/\libucosii_bsp.a(alt_irq_entry.o)
 *(.exceptions.notirq.user)
 *(.exceptions.notirq)
 .exceptions.notirq
                0x000800cc        0x8 ../softwareVol1_bsp/\libucosii_bsp.a(alt_exception_entry.o)
 *(.exceptions.soft.user)
 *(.exceptions.soft)
 *(.exceptions.unknown.user)
 *(.exceptions.unknown)
 .exceptions.unknown
                0x000800d4        0x4 ../softwareVol1_bsp/\libucosii_bsp.a(alt_exception_entry.o)
 *(.exceptions.exit.label)
 .exceptions.exit.label
                0x000800d8        0x0 ../softwareVol1_bsp/\libucosii_bsp.a(alt_irq_entry.o)
 .exceptions.exit.label
                0x000800d8        0x0 ../softwareVol1_bsp/\libucosii_bsp.a(alt_exception_entry.o)
 *(.exceptions.exit.user)
 *(.exceptions.exit)
 .exceptions.exit
                0x000800d8       0x54 ../softwareVol1_bsp/\libucosii_bsp.a(alt_exception_entry.o)
 *(.exceptions)
 .exceptions    0x0008012c       0xd0 ../softwareVol1_bsp/\libucosii_bsp.a(alt_irq_handler.o)
                0x0008012c                alt_irq_handler
                0x000801fc                PROVIDE (__ram_exceptions_end, ABSOLUTE (.))
                0x0d000000                PROVIDE (__flash_exceptions_start, LOADADDR (.exceptions))

.text           0x0d00019c    0x4c5c8
                0x0d00019c                PROVIDE (stext, ABSOLUTE (.))
 *(.interp)
 *(.hash)
 *(.dynsym)
 *(.dynstr)
 *(.gnu.version)
 *(.gnu.version_d)
 *(.gnu.version_r)
 *(.rel.init)
 *(.rela.init)
 *(.rel.text .rel.text.* .rel.gnu.linkonce.t.*)
 *(.rela.text .rela.text.* .rela.gnu.linkonce.t.*)
 *(.rel.fini)
 *(.rela.fini)
 *(.rel.rodata .rel.rodata.* .rel.gnu.linkonce.r.*)
 *(.rela.rodata .rela.rodata.* .rela.gnu.linkonce.r.*)
 *(.rel.data .rel.data.* .rel.gnu.linkonce.d.*)
 *(.rela.data .rela.data.* .rela.gnu.linkonce.d.*)
 *(.rel.tdata .rel.tdata.* .rel.gnu.linkonce.td.*)
 *(.rela.tdata .rela.tdata.* .rela.gnu.linkonce.td.*)
 *(.rel.tbss .rel.tbss.* .rel.gnu.linkonce.tb.*)
 *(.rela.tbss .rela.tbss.* .rela.gnu.linkonce.tb.*)
 *(.rel.ctors)
 *(.rela.ctors)
 *(.rel.dtors)
 *(.rela.dtors)
 *(.rel.got)
 *(.rela.got)
 *(.rel.sdata .rel.sdata.* .rel.gnu.linkonce.s.*)
 *(.rela.sdata .rela.sdata.* .rela.gnu.linkonce.s.*)
 *(.rel.sbss .rel.sbss.* .rel.gnu.linkonce.sb.*)
 *(.rela.sbss .rela.sbss.* .rela.gnu.linkonce.sb.*)
 *(.rel.sdata2 .rel.sdata2.* .rel.gnu.linkonce.s2.*)
 *(.rela.sdata2 .rela.sdata2.* .rela.gnu.linkonce.s2.*)
 *(.rel.sbss2 .rel.sbss2.* .rel.gnu.linkonce.sb2.*)
 *(.rela.sbss2 .rela.sbss2.* .rela.gnu.linkonce.sb2.*)
 *(.rel.bss .rel.bss.* .rel.gnu.linkonce.b.*)
 *(.rela.bss .rela.bss.* .rela.gnu.linkonce.b.*)
 *(.rel.plt)
 *(.rela.plt)
 *(.rel.dyn)
 *(.init)
 *(.plt)
 *(.text .stub .text.* .gnu.linkonce.t.*)
 .text          0x0d00019c       0x3c ../softwareVol1_bsp//obj/HAL/src/crt0.o
                0x0d00019c                _start
 .text          0x0d0001d8      0xba8 obj/default/alt_error_handler.o
                0x0d0001d8                alt_uCOSIIErrorHandler
                0x0d0007fc                alt_NetworkErrorHandler
                0x0d000a94                alt_SSSErrorHandler
 .text          0x0d000d80       0xf4 obj/default/iniche_init.o
                0x0d000d80                SSSInitialTask
                0x0d000df8                main
 .text          0x0d000e74      0x344 obj/default/led.o
                0x0d000e74                led_bit_toggle
                0x0d000f60                LED7SegLightshowTask
                0x0d000fd4                LEDManagementTask
 .text          0x0d0011b8      0x83c obj/default/network_utilities.o
                0x0d0011b8                get_mac_addr
                0x0d001210                get_ip_addr
                0x0d00127c                get_serial_number
                0x0d00145c                generate_and_store_mac_addr
                0x0d001620                generate_mac_addr
                0x0d001754                get_board_mac_addr
                0x0d0018b0                FindLastFlashSectorOffset
 .text          0x0d0019f4      0x968 obj/default/simple_socket_server.o
                0x0d0019f4                SSSCreateOSDataStructs
                0x0d001a9c                SSSCreateTasks
                0x0d001b60                sss_reset_connection
                0x0d001bd0                sss_send_menu
                0x0d001d60                sss_handle_accept
                0x0d001e20                sss_exec_command
                0x0d001fc4                sss_handle_receive
                0x0d0021b0                SSSSimpleSocketServerTask
 .text          0x0d00235c        0x0 obj/default/tse_my_system.o
 .text          0x0d00235c       0x38 c:/altera/12.1/nios2eds/bin/gnu/h-i686-mingw32/bin/../lib/gcc/nios2-elf/4.1.2/mno-hw-mul\libgcc.a(lib2-mul.o)
                0x0d00235c                __mulsi3
 .text          0x0d002394        0x0 c:/altera/12.1/nios2eds/bin/gnu/h-i686-mingw32/bin/../lib/gcc/nios2-elf/4.1.2/../../../../nios2-elf/lib/mno-hw-mul\libc.a(lib_a-ctype_.o)
 .text          0x0d002394       0x60 c:/altera/12.1/nios2eds/bin/gnu/h-i686-mingw32/bin/../lib/gcc/nios2-elf/4.1.2/../../../../nios2-elf/lib/mno-hw-mul\libc.a(lib_a-fprintf.o)
                0x0d002394                fprintf
                0x0d0023c0                _fprintf_r
 .text          0x0d0023f4       0xec c:/altera/12.1/nios2eds/bin/gnu/h-i686-mingw32/bin/../lib/gcc/nios2-elf/4.1.2/../../../../nios2-elf/lib/mno-hw-mul\libc.a(lib_a-fwrite.o)
                0x0d0023f4                _fwrite_r
                0x0d0024a0                fwrite
 .text          0x0d0024e0      0x128 c:/altera/12.1/nios2eds/bin/gnu/h-i686-mingw32/bin/../lib/gcc/nios2-elf/4.1.2/../../../../nios2-elf/lib/mno-hw-mul\libc.a(lib_a-getc.o)
                0x0d0024e0                getc
                0x0d002578                _getc_r
 .text          0x0d002608        0x0 c:/altera/12.1/nios2eds/bin/gnu/h-i686-mingw32/bin/../lib/gcc/nios2-elf/4.1.2/../../../../nios2-elf/lib/mno-hw-mul\libc.a(lib_a-impure.o)
 .text          0x0d002608       0xa0 c:/altera/12.1/nios2eds/bin/gnu/h-i686-mingw32/bin/../lib/gcc/nios2-elf/4.1.2/../../../../nios2-elf/lib/mno-hw-mul\libc.a(lib_a-memcpy.o)
                0x0d002608                memcpy
 .text          0x0d0026a8       0xe0 c:/altera/12.1/nios2eds/bin/gnu/h-i686-mingw32/bin/../lib/gcc/nios2-elf/4.1.2/../../../../nios2-elf/lib/mno-hw-mul\libc.a(lib_a-memmove.o)
                0x0d0026a8                memmove
 .text          0x0d002788       0x98 c:/altera/12.1/nios2eds/bin/gnu/h-i686-mingw32/bin/../lib/gcc/nios2-elf/4.1.2/../../../../nios2-elf/lib/mno-hw-mul\libc.a(lib_a-memset.o)
                0x0d002788                memset
 .text          0x0d002820       0x80 c:/altera/12.1/nios2eds/bin/gnu/h-i686-mingw32/bin/../lib/gcc/nios2-elf/4.1.2/../../../../nios2-elf/lib/mno-hw-mul\libc.a(lib_a-perror.o)
                0x0d002820                _perror_r
                0x0d00288c                perror
 .text          0x0d0028a0       0x78 c:/altera/12.1/nios2eds/bin/gnu/h-i686-mingw32/bin/../lib/gcc/nios2-elf/4.1.2/../../../../nios2-elf/lib/mno-hw-mul\libc.a(lib_a-printf.o)
                0x0d0028a0                printf
                0x0d0028e4                _printf_r
 .text          0x0d002918      0x1ec c:/altera/12.1/nios2eds/bin/gnu/h-i686-mingw32/bin/../lib/gcc/nios2-elf/4.1.2/../../../../nios2-elf/lib/mno-hw-mul\libc.a(lib_a-putc.o)
                0x0d002918                putc
                0x0d002a1c                _putc_r
 .text          0x0d002b04       0x24 c:/altera/12.1/nios2eds/bin/gnu/h-i686-mingw32/bin/../lib/gcc/nios2-elf/4.1.2/../../../../nios2-elf/lib/mno-hw-mul\libc.a(lib_a-putchar.o)
                0x0d002b04                putchar
                0x0d002b20                _putchar_r
 .text          0x0d002b28       0xb4 c:/altera/12.1/nios2eds/bin/gnu/h-i686-mingw32/bin/../lib/gcc/nios2-elf/4.1.2/../../../../nios2-elf/lib/mno-hw-mul\libc.a(lib_a-puts.o)
                0x0d002b28                _puts_r
                0x0d002bc8                puts
 .text          0x0d002bdc       0x60 c:/altera/12.1/nios2eds/bin/gnu/h-i686-mingw32/bin/../lib/gcc/nios2-elf/4.1.2/../../../../nios2-elf/lib/mno-hw-mul\libc.a(lib_a-rget.o)
                0x0d002bdc                __srget_r
                0x0d002c28                __srget
 .text          0x0d002c3c       0xd4 c:/altera/12.1/nios2eds/bin/gnu/h-i686-mingw32/bin/../lib/gcc/nios2-elf/4.1.2/../../../../nios2-elf/lib/mno-hw-mul\libc.a(lib_a-sprintf.o)
                0x0d002c3c                sprintf
                0x0d002cb0                _sprintf_r
 .text          0x0d002d10       0xe0 c:/altera/12.1/nios2eds/bin/gnu/h-i686-mingw32/bin/../lib/gcc/nios2-elf/4.1.2/../../../../nios2-elf/lib/mno-hw-mul\libc.a(lib_a-strchr.o)
                0x0d002d10                strchr
 .text          0x0d002df0      0x674 c:/altera/12.1/nios2eds/bin/gnu/h-i686-mingw32/bin/../lib/gcc/nios2-elf/4.1.2/../../../../nios2-elf/lib/mno-hw-mul\libc.a(lib_a-strerror.o)
                0x0d002df0                strerror
 .text          0x0d003464       0x74 c:/altera/12.1/nios2eds/bin/gnu/h-i686-mingw32/bin/../lib/gcc/nios2-elf/4.1.2/../../../../nios2-elf/lib/mno-hw-mul\libc.a(lib_a-strlen.o)
                0x0d003464                strlen
 .text          0x0d0034d8        0x8 c:/altera/12.1/nios2eds/bin/gnu/h-i686-mingw32/bin/../lib/gcc/nios2-elf/4.1.2/../../../../nios2-elf/lib/mno-hw-mul\libc.a(lib_a-u_strerr.o)
                0x0d0034d8                _user_strerror
 .text          0x0d0034e0     0x1f40 c:/altera/12.1/nios2eds/bin/gnu/h-i686-mingw32/bin/../lib/gcc/nios2-elf/4.1.2/../../../../nios2-elf/lib/mno-hw-mul\libc.a(lib_a-vfprintf.o)
                0x0d003538                ___vfprintf_internal_r
                0x0d0053fc                __vfprintf_internal
 .text          0x0d005420      0x14c c:/altera/12.1/nios2eds/bin/gnu/h-i686-mingw32/bin/../lib/gcc/nios2-elf/4.1.2/../../../../nios2-elf/lib/mno-hw-mul\libc.a(lib_a-wbuf.o)
                0x0d005420                __swbuf_r
                0x0d005550                __swbuf
 .text          0x0d00556c      0x13c c:/altera/12.1/nios2eds/bin/gnu/h-i686-mingw32/bin/../lib/gcc/nios2-elf/4.1.2/../../../../nios2-elf/lib/mno-hw-mul\libc.a(lib_a-wsetup.o)
                0x0d00556c                __swsetup_r
 .text          0x0d0056a8     0x17f8 c:/altera/12.1/nios2eds/bin/gnu/h-i686-mingw32/bin/../lib/gcc/nios2-elf/4.1.2/../../../../nios2-elf/lib/mno-hw-mul\libc.a(lib_a-dtoa.o)
                0x0d0058ec                _dtoa_r
 .text          0x0d006ea0      0x230 c:/altera/12.1/nios2eds/bin/gnu/h-i686-mingw32/bin/../lib/gcc/nios2-elf/4.1.2/../../../../nios2-elf/lib/mno-hw-mul\libc.a(lib_a-fflush.o)
                0x0d006ea0                _fflush_r
                0x0d00709c                fflush
 .text          0x0d0070d0      0x2f4 c:/altera/12.1/nios2eds/bin/gnu/h-i686-mingw32/bin/../lib/gcc/nios2-elf/4.1.2/../../../../nios2-elf/lib/mno-hw-mul\libc.a(lib_a-findfp.o)
                0x0d007128                __sfp_lock_acquire
                0x0d00712c                __sfp_lock_release
                0x0d007130                __sinit_lock_acquire
                0x0d007134                __sinit_lock_release
                0x0d007138                __sinit
                0x0d0071ec                __fp_unlock_all
                0x0d007204                __fp_lock_all
                0x0d00721c                _cleanup_r
                0x0d007228                _cleanup
                0x0d007238                __sfmoreglue
                0x0d0072d4                __sfp
 .text          0x0d0073c4       0xbc c:/altera/12.1/nios2eds/bin/gnu/h-i686-mingw32/bin/../lib/gcc/nios2-elf/4.1.2/../../../../nios2-elf/lib/mno-hw-mul\libc.a(lib_a-fputc.o)
                0x0d0073c4                fputc
                0x0d007428                _fputc_r
 .text          0x0d007480       0x90 c:/altera/12.1/nios2eds/bin/gnu/h-i686-mingw32/bin/../lib/gcc/nios2-elf/4.1.2/../../../../nios2-elf/lib/mno-hw-mul\libc.a(lib_a-fputs.o)
                0x0d007480                _fputs_r
                0x0d0074f4                fputs
 .text          0x0d007510      0x440 c:/altera/12.1/nios2eds/bin/gnu/h-i686-mingw32/bin/../lib/gcc/nios2-elf/4.1.2/../../../../nios2-elf/lib/mno-hw-mul\libc.a(lib_a-freer.o)
                0x0d007510                _malloc_trim_r
                0x0d00763c                _free_r
 .text          0x0d007950      0x49c c:/altera/12.1/nios2eds/bin/gnu/h-i686-mingw32/bin/../lib/gcc/nios2-elf/4.1.2/../../../../nios2-elf/lib/mno-hw-mul\libc.a(lib_a-fvwrite.o)
                0x0d007950                __sfvwrite_r
 .text          0x0d007dec      0x180 c:/altera/12.1/nios2eds/bin/gnu/h-i686-mingw32/bin/../lib/gcc/nios2-elf/4.1.2/../../../../nios2-elf/lib/mno-hw-mul\libc.a(lib_a-fwalk.o)
                0x0d007dec                _fwalk_reent
                0x0d007eb4                _fwalk
 .text          0x0d007f6c       0xc4 c:/altera/12.1/nios2eds/bin/gnu/h-i686-mingw32/bin/../lib/gcc/nios2-elf/4.1.2/../../../../nios2-elf/lib/mno-hw-mul\libc.a(lib_a-locale.o)
                0x0d007f6c                __locale_charset
                0x0d007f74                _localeconv_r
                0x0d007f80                localeconv
                0x0d007f90                _setlocale_r
                0x0d008014                setlocale
 .text          0x0d008030      0x194 c:/altera/12.1/nios2eds/bin/gnu/h-i686-mingw32/bin/../lib/gcc/nios2-elf/4.1.2/../../../../nios2-elf/lib/mno-hw-mul\libc.a(lib_a-makebuf.o)
                0x0d008030                __smakebuf_r
 .text          0x0d0081c4      0x740 c:/altera/12.1/nios2eds/bin/gnu/h-i686-mingw32/bin/../lib/gcc/nios2-elf/4.1.2/../../../../nios2-elf/lib/mno-hw-mul\libc.a(lib_a-mallocr.o)
                0x0d0081c4                _malloc_r
 .text          0x0d008904       0xe4 c:/altera/12.1/nios2eds/bin/gnu/h-i686-mingw32/bin/../lib/gcc/nios2-elf/4.1.2/../../../../nios2-elf/lib/mno-hw-mul\libc.a(lib_a-memchr.o)
                0x0d008904                memchr
 .text          0x0d0089e8     0x108c c:/altera/12.1/nios2eds/bin/gnu/h-i686-mingw32/bin/../lib/gcc/nios2-elf/4.1.2/../../../../nios2-elf/lib/mno-hw-mul\libc.a(lib_a-mprec.o)
                0x0d0089e8                _Bfree
                0x0d008a10                __hi0bits
                0x0d008a80                __lo0bits
                0x0d008b44                __mcmp
                0x0d008ba4                __ulp
                0x0d008c24                __b2d
                0x0d008d44                __ratio
                0x0d008df4                _mprec_log10
                0x0d008e88                __copybits
                0x0d008ee0                __any_on
                0x0d008f68                _Balloc
                0x0d009024                __d2b
                0x0d0091a0                __mdiff
                0x0d00932c                __lshift
                0x0d009478                __multiply
                0x0d0096cc                __i2b
                0x0d009708                __multadd
                0x0d009834                __pow5mult
                0x0d009954                __s2b
 .text          0x0d009a74      0x5f4 c:/altera/12.1/nios2eds/bin/gnu/h-i686-mingw32/bin/../lib/gcc/nios2-elf/4.1.2/../../../../nios2-elf/lib/mno-hw-mul\libc.a(lib_a-reallocr.o)
                0x0d009a74                _realloc_r
 .text          0x0d00a068      0x1e0 c:/altera/12.1/nios2eds/bin/gnu/h-i686-mingw32/bin/../lib/gcc/nios2-elf/4.1.2/../../../../nios2-elf/lib/mno-hw-mul\libc.a(lib_a-refill.o)
                0x0d00a068                __srefill_r
 .text          0x0d00a248       0x40 c:/altera/12.1/nios2eds/bin/gnu/h-i686-mingw32/bin/../lib/gcc/nios2-elf/4.1.2/../../../../nios2-elf/lib/mno-hw-mul\libc.a(lib_a-s_isinfd.o)
                0x0d00a248                __isinfd
 .text          0x0d00a288       0x30 c:/altera/12.1/nios2eds/bin/gnu/h-i686-mingw32/bin/../lib/gcc/nios2-elf/4.1.2/../../../../nios2-elf/lib/mno-hw-mul\libc.a(lib_a-s_isnand.o)
                0x0d00a288                __isnand
 .text          0x0d00a2b8       0x70 c:/altera/12.1/nios2eds/bin/gnu/h-i686-mingw32/bin/../lib/gcc/nios2-elf/4.1.2/../../../../nios2-elf/lib/mno-hw-mul\libc.a(lib_a-sbrkr.o)
                0x0d00a2b8                _sbrk_r
 .text          0x0d00a328      0x14c c:/altera/12.1/nios2eds/bin/gnu/h-i686-mingw32/bin/../lib/gcc/nios2-elf/4.1.2/../../../../nios2-elf/lib/mno-hw-mul\libc.a(lib_a-stdio.o)
                0x0d00a328                __sclose
                0x0d00a330                __sseek
                0x0d00a398                __swrite
                0x0d00a414                __sread
 .text          0x0d00a474       0xbc c:/altera/12.1/nios2eds/bin/gnu/h-i686-mingw32/bin/../lib/gcc/nios2-elf/4.1.2/../../../../nios2-elf/lib/mno-hw-mul\libc.a(lib_a-strcmp.o)
                0x0d00a474                strcmp
 .text          0x0d00a530       0x78 c:/altera/12.1/nios2eds/bin/gnu/h-i686-mingw32/bin/../lib/gcc/nios2-elf/4.1.2/../../../../nios2-elf/lib/mno-hw-mul\libc.a(lib_a-writer.o)
                0x0d00a530                _write_r
 .text          0x0d00a5a8       0xc8 c:/altera/12.1/nios2eds/bin/gnu/h-i686-mingw32/bin/../lib/gcc/nios2-elf/4.1.2/../../../../nios2-elf/lib/mno-hw-mul\libc.a(lib_a-callocr.o)
                0x0d00a5a8                _calloc_r
 .text          0x0d00a670       0x70 c:/altera/12.1/nios2eds/bin/gnu/h-i686-mingw32/bin/../lib/gcc/nios2-elf/4.1.2/../../../../nios2-elf/lib/mno-hw-mul\libc.a(lib_a-closer.o)
                0x0d00a670                _close_r
 .text          0x0d00a6e0      0x124 c:/altera/12.1/nios2eds/bin/gnu/h-i686-mingw32/bin/../lib/gcc/nios2-elf/4.1.2/../../../../nios2-elf/lib/mno-hw-mul\libc.a(lib_a-fclose.o)
                0x0d00a6e0                _fclose_r
                0x0d00a7f0                fclose
 .text          0x0d00a804       0x74 c:/altera/12.1/nios2eds/bin/gnu/h-i686-mingw32/bin/../lib/gcc/nios2-elf/4.1.2/../../../../nios2-elf/lib/mno-hw-mul\libc.a(lib_a-fstatr.o)
                0x0d00a804                _fstat_r
 .text          0x0d00a878        0x0 c:/altera/12.1/nios2eds/bin/gnu/h-i686-mingw32/bin/../lib/gcc/nios2-elf/4.1.2/../../../../nios2-elf/lib/mno-hw-mul\libc.a(lib_a-int_errno.o)
 .text          0x0d00a878       0x70 c:/altera/12.1/nios2eds/bin/gnu/h-i686-mingw32/bin/../lib/gcc/nios2-elf/4.1.2/../../../../nios2-elf/lib/mno-hw-mul\libc.a(lib_a-isattyr.o)
                0x0d00a878                _isatty_r
 .text          0x0d00a8e8       0x78 c:/altera/12.1/nios2eds/bin/gnu/h-i686-mingw32/bin/../lib/gcc/nios2-elf/4.1.2/../../../../nios2-elf/lib/mno-hw-mul\libc.a(lib_a-lseekr.o)
                0x0d00a8e8                _lseek_r
 .text          0x0d00a960       0x78 c:/altera/12.1/nios2eds/bin/gnu/h-i686-mingw32/bin/../lib/gcc/nios2-elf/4.1.2/../../../../nios2-elf/lib/mno-hw-mul\libc.a(lib_a-readr.o)
                0x0d00a960                _read_r
 .text          0x0d00a9d8      0x66c c:/altera/12.1/nios2eds/bin/gnu/h-i686-mingw32/bin/../lib/gcc/nios2-elf/4.1.2/mno-hw-mul\libgcc.a(_udivdi3.o)
                0x0d00a9d8                __udivdi3
 .text          0x0d00b044      0x660 c:/altera/12.1/nios2eds/bin/gnu/h-i686-mingw32/bin/../lib/gcc/nios2-elf/4.1.2/mno-hw-mul\libgcc.a(_umoddi3.o)
                0x0d00b044                __umoddi3
 .text          0x0d00b6a4      0x504 c:/altera/12.1/nios2eds/bin/gnu/h-i686-mingw32/bin/../lib/gcc/nios2-elf/4.1.2/mno-hw-mul\libgcc.a(_addsub_df.o)
                0x0d00bab4                __subdf3
                0x0d00bb34                __adddf3
 .text          0x0d00bba8      0x3c4 c:/altera/12.1/nios2eds/bin/gnu/h-i686-mingw32/bin/../lib/gcc/nios2-elf/4.1.2/mno-hw-mul\libgcc.a(_mul_df.o)
                0x0d00bba8                __muldf3
 .text          0x0d00bf6c      0x258 c:/altera/12.1/nios2eds/bin/gnu/h-i686-mingw32/bin/../lib/gcc/nios2-elf/4.1.2/mno-hw-mul\libgcc.a(_div_df.o)
                0x0d00bf6c                __divdf3
 .text          0x0d00c1c4       0x88 c:/altera/12.1/nios2eds/bin/gnu/h-i686-mingw32/bin/../lib/gcc/nios2-elf/4.1.2/mno-hw-mul\libgcc.a(_eq_df.o)
                0x0d00c1c4                __eqdf2
 .text          0x0d00c24c       0x88 c:/altera/12.1/nios2eds/bin/gnu/h-i686-mingw32/bin/../lib/gcc/nios2-elf/4.1.2/mno-hw-mul\libgcc.a(_ne_df.o)
                0x0d00c24c                __nedf2
 .text          0x0d00c2d4       0x88 c:/altera/12.1/nios2eds/bin/gnu/h-i686-mingw32/bin/../lib/gcc/nios2-elf/4.1.2/mno-hw-mul\libgcc.a(_gt_df.o)
                0x0d00c2d4                __gtdf2
 .text          0x0d00c35c       0x88 c:/altera/12.1/nios2eds/bin/gnu/h-i686-mingw32/bin/../lib/gcc/nios2-elf/4.1.2/mno-hw-mul\libgcc.a(_ge_df.o)
                0x0d00c35c                __gedf2
 .text          0x0d00c3e4       0x88 c:/altera/12.1/nios2eds/bin/gnu/h-i686-mingw32/bin/../lib/gcc/nios2-elf/4.1.2/mno-hw-mul\libgcc.a(_lt_df.o)
                0x0d00c3e4                __ltdf2
 .text          0x0d00c46c       0xf8 c:/altera/12.1/nios2eds/bin/gnu/h-i686-mingw32/bin/../lib/gcc/nios2-elf/4.1.2/mno-hw-mul\libgcc.a(_si_to_df.o)
                0x0d00c46c                __floatsidf
 .text          0x0d00c564       0xd8 c:/altera/12.1/nios2eds/bin/gnu/h-i686-mingw32/bin/../lib/gcc/nios2-elf/4.1.2/mno-hw-mul\libgcc.a(_df_to_si.o)
                0x0d00c564                __fixdfsi
 .text          0x0d00c63c        0x0 c:/altera/12.1/nios2eds/bin/gnu/h-i686-mingw32/bin/../lib/gcc/nios2-elf/4.1.2/mno-hw-mul\libgcc.a(_thenan_df.o)
 .text          0x0d00c63c      0x194 c:/altera/12.1/nios2eds/bin/gnu/h-i686-mingw32/bin/../lib/gcc/nios2-elf/4.1.2/mno-hw-mul\libgcc.a(_usi_to_df.o)
                0x0d00c63c                __floatunsidf
 .text          0x0d00c7d0      0x14c c:/altera/12.1/nios2eds/bin/gnu/h-i686-mingw32/bin/../lib/gcc/nios2-elf/4.1.2/mno-hw-mul\libgcc.a(lib2-divmod.o)
                0x0d00c84c                __divsi3
                0x0d00c8ac                __modsi3
                0x0d00c90c                __udivsi3
                0x0d00c914                __umodsi3
 .text          0x0d00c91c      0x124 c:/altera/12.1/nios2eds/bin/gnu/h-i686-mingw32/bin/../lib/gcc/nios2-elf/4.1.2/mno-hw-mul\libgcc.a(_muldi3.o)
                0x0d00c91c                __muldi3
 .text          0x0d00ca40        0x0 c:/altera/12.1/nios2eds/bin/gnu/h-i686-mingw32/bin/../lib/gcc/nios2-elf/4.1.2/mno-hw-mul\libgcc.a(_clz.o)
 .text          0x0d00ca40       0x80 c:/altera/12.1/nios2eds/bin/gnu/h-i686-mingw32/bin/../lib/gcc/nios2-elf/4.1.2/mno-hw-mul\libgcc.a(_clzsi2.o)
                0x0d00ca40                __clzsi2
 .text          0x0d00cac0      0x314 c:/altera/12.1/nios2eds/bin/gnu/h-i686-mingw32/bin/../lib/gcc/nios2-elf/4.1.2/mno-hw-mul\libgcc.a(_pack_df.o)
                0x0d00cac0                __pack_d
 .text          0x0d00cdd4      0x138 c:/altera/12.1/nios2eds/bin/gnu/h-i686-mingw32/bin/../lib/gcc/nios2-elf/4.1.2/mno-hw-mul\libgcc.a(_unpack_df.o)
                0x0d00cdd4                __unpack_d
 .text          0x0d00cf0c       0xc8 c:/altera/12.1/nios2eds/bin/gnu/h-i686-mingw32/bin/../lib/gcc/nios2-elf/4.1.2/mno-hw-mul\libgcc.a(_fpcmp_parts_df.o)
                0x0d00cf0c                __fpcmp_parts_d
 .text          0x0d00cfd4       0xd0 ../softwareVol1_bsp/\libucosii_bsp.a(alt_flash_dev.o)
                0x0d00cfd4                alt_flash_open_dev
                0x0d00d050                alt_flash_close_dev
 .text          0x0d00d0a4      0x138 ../softwareVol1_bsp/\libucosii_bsp.a(alt_fstat.o)
                0x0d00d0a4                fstat
 .text          0x0d00d1dc      0x124 ../softwareVol1_bsp/\libucosii_bsp.a(alt_isatty.o)
                0x0d00d1dc                isatty
 .text          0x0d00d300       0xec ../softwareVol1_bsp/\libucosii_bsp.a(alt_load.o)
                0x0d00d300                alt_load
 .text          0x0d00d3ec      0x154 ../softwareVol1_bsp/\libucosii_bsp.a(alt_lseek.o)
                0x0d00d3ec                lseek
 .text          0x0d00d540       0xc8 ../softwareVol1_bsp/\libucosii_bsp.a(alt_main.o)
                0x0d00d540                alt_main
 .text          0x0d00d608       0xbc ../softwareVol1_bsp/\libucosii_bsp.a(alt_sbrk.o)
                0x0d00d608                sbrk
 .text          0x0d00d6c4      0x108 ../softwareVol1_bsp/\libucosii_bsp.a(alt_env_lock.o)
                0x0d00d6c4                __env_lock
                0x0d00d770                __env_unlock
 .text          0x0d00d7cc      0x1d8 ../softwareVol1_bsp/\libucosii_bsp.a(alt_malloc_lock.o)
                0x0d00d7cc                __malloc_lock
                0x0d00d8d4                __malloc_unlock
 .text          0x0d00d9a4     0x2128 ../softwareVol1_bsp/\libucosii_bsp.a(os_core.o)
                0x0d00d9a4                OSEventNameGet
                0x0d00dad4                OSEventNameSet
                0x0d00dc18                OSEventPendMulti
                0x0d00e2cc                OSInit
                0x0d00e320                OSIntEnter
                0x0d00e39c                OSIntExit
                0x0d00e49c                OSSchedLock
                0x0d00e528                OSSchedUnlock
                0x0d00e60c                OSStart
                0x0d00e67c                OSStatInit
                0x0d00e728                OSTimeTick
                0x0d00e968                OSVersion
                0x0d00e988                OS_Dummy
                0x0d00e9a4                OS_EventTaskRdy
                0x0d00eb38                OS_EventTaskWait
                0x0d00ec48                OS_EventTaskWaitMulti
                0x0d00ed9c                OS_EventTaskRemove
                0x0d00ee54                OS_EventTaskRemoveMulti
                0x0d00ef58                OS_EventWaitListInit
                0x0d00f324                OS_MemClr
                0x0d00f378                OS_MemCopy
                0x0d00f3e4                OS_Sched
                0x0d00f528                OS_StrCopy
                0x0d00f5a8                OS_StrLen
                0x0d00f600                OS_TaskIdle
                0x0d00f65c                OS_TaskStat
                0x0d00f724                OS_TaskStatStkChk
                0x0d00f7ec                OS_TCBInit
 .text          0x0d00facc      0x18c ../softwareVol1_bsp/\libucosii_bsp.a(os_dbg.o)
                0x0d00facc                OSDebugInit
 .text          0x0d00fc58     0x193c ../softwareVol1_bsp/\libucosii_bsp.a(os_flag.o)
                0x0d00fc58                OSFlagAccept
                0x0d00ff8c                OSFlagCreate
                0x0d0100c8                OSFlagDel
                0x0d010370                OSFlagNameGet
                0x0d0104b4                OSFlagNameSet
                0x0d010608                OSFlagPend
                0x0d010c4c                OSFlagPendGetFlagsRdy
                0x0d010cb4                OSFlagPost
                0x0d01105c                OSFlagQuery
                0x0d0112f4                OS_FlagInit
                0x0d0114e8                OS_FlagUnlink
 .text          0x0d011594      0x80c ../softwareVol1_bsp/\libucosii_bsp.a(os_mem.o)
                0x0d011594                OSMemCreate
                0x0d0117b0                OSMemGet
                0x0d0118b4                OSMemNameGet
                0x0d0119c0                OSMemNameSet
                0x0d011ae0                OSMemPut
                0x0d011bd0                OSMemQuery
                0x0d011ccc                OS_MemInit
 .text          0x0d011da0     0x1334 ../softwareVol1_bsp/\libucosii_bsp.a(os_q.o)
                0x0d011da0                OSQAccept
                0x0d011ef4                OSQCreate
                0x0d012108                OSQDel
                0x0d012408                OSQFlush
                0x0d0124d0                OSQPend
                0x0d0127f0                OSQPendAbort
                0x0d01296c                OSQPost
                0x0d012aec                OSQPostFront
                0x0d012c74                OSQPostOpt
                0x0d012ea8                OSQQuery
                0x0d013028                OS_QInit
 .text          0x0d0130d4      0xbc8 ../softwareVol1_bsp/\libucosii_bsp.a(os_sem.o)
                0x0d0130d4                OSSemAccept
                0x0d013194                OSSemCreate
                0x0d0132a8                OSSemDel
                0x0d013548                OSSemPend
                0x0d0137c4                OSSemPendAbort
                0x0d013940                OSSemPost
                0x0d013a68                OSSemQuery
                0x0d013b98                OSSemSet
 .text          0x0d013c9c     0x1a40 ../softwareVol1_bsp/\libucosii_bsp.a(os_task.o)
                0x0d013c9c                OSTaskChangePrio
                0x0d014210                OSTaskCreate
                0x0d0143e4                OSTaskCreateExt
                0x0d0145e4                OSTaskDel
                0x0d0149f0                OSTaskDelReq
                0x0d014b60                OSTaskNameGet
                0x0d014d18                OSTaskNameSet
                0x0d014edc                OSTaskResume
                0x0d0150f4                OSTaskStkChk
                0x0d0152f0                OSTaskSuspend
                0x0d01551c                OSTaskQuery
                0x0d015660                OS_TaskStkClr
 .text          0x0d0156dc      0x5b4 ../softwareVol1_bsp/\libucosii_bsp.a(os_time.o)
                0x0d0156dc                OSTimeDly
                0x0d015828                OSTimeDlyHMSM
                0x0d0159b8                OSTimeDlyResume
                0x0d015bc8                OSTimeGet
                0x0d015c2c                OSTimeSet
 .text          0x0d015c90      0x32c ../softwareVol1_bsp/\libucosii_bsp.a(alt_sys_init.o)
                0x0d015c90                alt_irq_init
                0x0d015cc4                alt_sys_init
 .text          0x0d015fbc      0x8c8 ../softwareVol1_bsp/\libucosii_bsp.a(altera_avalon_cfi_flash.o)
                0x0d015fbc                alt_flash_cfi_init
                0x0d016090                alt_flash_cfi_write
                0x0d016350                alt_flash_cfi_get_info
                0x0d0163e0                alt_flash_cfi_read
                0x0d016448                alt_write_value_to_flash
                0x0d0165ac                alt_flash_program_block
 .text          0x0d016884     0x14b4 ../softwareVol1_bsp/\libucosii_bsp.a(altera_avalon_cfi_flash_table.o)
                0x0d016884                alt_read_query_entry_8bit
                0x0d0168c4                alt_read_query_entry_16bit
                0x0d016908                alt_read_query_entry_32bit
                0x0d016950                alt_write_flash_command_8bit_device_8bit_mode
                0x0d01698c                alt_write_flash_command_16bit_device_8bit_mode
                0x0d016a08                alt_write_flash_command_32bit_device_8bit_mode
                0x0d016a50                alt_write_flash_command_16bit_device_16bit_mode
                0x0d016a94                alt_write_flash_command_32bit_device_16bit_mode
                0x0d016adc                alt_write_flash_command_32bit_device_32bit_mode
                0x0d016b24                alt_write_native_8bit
                0x0d016b58                alt_write_native_16bit
                0x0d016b8c                alt_write_native_32bit
                0x0d016bbc                alt_set_flash_width_func
                0x0d016d9c                alt_set_flash_algorithm_func
                0x0d016ec4                alt_read_cfi_table
                0x0d0174b0                alt_read_cfi_width
                0x0d017c5c                alt_check_primary_table
 .text          0x0d017d38      0x9e4 ../softwareVol1_bsp/\libucosii_bsp.a(altera_avalon_epcs_flash_controller.o)
                0x0d017d38                alt_epcs_flash_init
                0x0d018154                alt_epcs_flash_write
                0x0d0183d4                alt_epcs_flash_get_info
                0x0d018464                alt_epcs_flash_erase_block
                0x0d018568                alt_epcs_flash_write_block
                0x0d018684                alt_epcs_flash_read
 .text          0x0d01871c      0x148 ../softwareVol1_bsp/\libucosii_bsp.a(altera_avalon_jtag_uart_fd.o)
                0x0d01871c                altera_avalon_jtag_uart_read_fd
                0x0d018774                altera_avalon_jtag_uart_write_fd
                0x0d0187cc                altera_avalon_jtag_uart_close_fd
                0x0d018814                altera_avalon_jtag_uart_ioctl_fd
 .text          0x0d018864      0x584 ../softwareVol1_bsp/\libucosii_bsp.a(altera_avalon_jtag_uart_init.o)
                0x0d018864                altera_avalon_jtag_uart_init
                0x0d018d74                altera_avalon_jtag_uart_close
 .text          0x0d018de8       0xf4 ../softwareVol1_bsp/\libucosii_bsp.a(altera_avalon_jtag_uart_ioctl.o)
                0x0d018de8                altera_avalon_jtag_uart_ioctl
 .text          0x0d018edc      0x2c0 ../softwareVol1_bsp/\libucosii_bsp.a(altera_avalon_jtag_uart_read.o)
                0x0d018edc                altera_avalon_jtag_uart_read
 .text          0x0d01919c      0x2dc ../softwareVol1_bsp/\libucosii_bsp.a(altera_avalon_jtag_uart_write.o)
                0x0d01919c                altera_avalon_jtag_uart_write
 .text          0x0d019478      0xde4 ../softwareVol1_bsp/\libucosii_bsp.a(altera_avalon_sgdma.o)
                0x0d019478                alt_avalon_sgdma_do_async_transfer
                0x0d0195b4                alt_avalon_sgdma_do_sync_transfer
                0x0d0196d8                alt_avalon_sgdma_construct_mem_to_mem_desc
                0x0d019748                alt_avalon_sgdma_construct_mem_to_mem_desc_burst
                0x0d0197c8                alt_avalon_sgdma_construct_stream_to_mem_desc
                0x0d01981c                alt_avalon_sgdma_construct_stream_to_mem_desc_burst
                0x0d01988c                alt_avalon_sgdma_construct_mem_to_stream_desc
                0x0d019900                alt_avalon_sgdma_construct_mem_to_stream_desc_burst
                0x0d019984                alt_avalon_sgdma_register_callback
                0x0d0199d4                alt_avalon_sgdma_start
                0x0d019a28                alt_avalon_sgdma_stop
                0x0d019a80                alt_avalon_sgdma_check_descriptor_status
                0x0d019af0                alt_avalon_sgdma_open
                0x0d019ba8                alt_avalon_sgdma_construct_descriptor
                0x0d019c30                alt_avalon_sgdma_enable_desc_poll
                0x0d019cac                alt_avalon_sgdma_disable_desc_poll
                0x0d019d08                alt_avalon_sgdma_construct_descriptor_burst
                0x0d01a1b0                alt_avalon_sgdma_init
 .text          0x0d01a25c      0x100 ../softwareVol1_bsp/\libucosii_bsp.a(altera_avalon_timer_sc.o)
                0x0d01a2cc                alt_avalon_timer_sc_init
 .text          0x0d01a35c      0x6d4 ../softwareVol1_bsp/\libucosii_bsp.a(epcs_commands.o)
                0x0d01a35c                epcs_read_status_register
                0x0d01a3bc                epcs_sector_erase
                0x0d01a524                epcs_read_buffer
                0x0d01a670                epcs_write_enable
                0x0d01a6c0                epcs_write_status_register
                0x0d01a724                epcs_write_buffer
                0x0d01a894                epcs_read_electronic_signature
                0x0d01a900                epcs_read_device_id
                0x0d01a980                epcs_enter_4_bytes_mode
                0x0d01a9d8                epcs_exit_4_bytes_mode
 .text          0x0d01aa30     0x18a8 ../softwareVol1_bsp/\libucosii_bsp.a(ins_tse_mac.o)
                0x0d01aa30                triple_speed_ethernet_init
                0x0d01abac                prep_tse_mac
                0x0d01ae38                tse_mac_init
                0x0d01b9e8                tse_mac_raw_send
                0x0d01bce0                tse_sgdmaRx_isr
                0x0d01bd88                tse_sgdma_read_init
                0x0d01bf30                tse_mac_rcv
                0x0d01c180                tse_mac_stats
                0x0d01c1c0                tse_mac_close
 .text          0x0d01c2d8      0xfd4 ../softwareVol1_bsp/\libucosii_bsp.a(tristate_avalon_lcd_16207.o)
                0x0d01cb14                tristate_avalon_lcd_16207_write
                0x0d01d148                tristate_avalon_lcd_16207_init
 .text          0x0d01d2ac       0x58 ../softwareVol1_bsp/\libucosii_bsp.a(tristate_avalon_lcd_16207_fd.o)
                0x0d01d2ac                tristate_avalon_lcd_16207_write_fd
 .text          0x0d01d304       0x54 ../softwareVol1_bsp/\libucosii_bsp.a(alt_iniche_close.o)
                0x0d01d304                close
 .text          0x0d01d358      0x144 ../softwareVol1_bsp/\libucosii_bsp.a(alt_iniche_dev.o)
                0x0d01d358                iniche_devices_init
 .text          0x0d01d49c       0x78 ../softwareVol1_bsp/\libucosii_bsp.a(alt_iniche_read.o)
                0x0d01d49c                read
 .text          0x0d01d514       0x70 ../softwareVol1_bsp/\libucosii_bsp.a(alt_iniche_write.o)
                0x0d01d514                write
 .text          0x0d01d584      0xedc ../softwareVol1_bsp/\libucosii_bsp.a(ipnet.o)
                0x0d01d584                Netinit
                0x0d01dbd0                fixup_subnet_mask
                0x0d01dd30                netclose
                0x0d01de18                pktdemux
                0x0d01e1ec                c_older
                0x0d01e2bc                ip2mac
 .text          0x0d01e460      0x4bc ../softwareVol1_bsp/\libucosii_bsp.a(ipstart.o)
                0x0d01e460                ip_startup
                0x0d01e750                exit_hook
                0x0d01e7bc                ip_exit
                0x0d01e88c                if_netnumber
 .text          0x0d01e91c     0x100c ../softwareVol1_bsp/\libucosii_bsp.a(igmp_cmn.o)
                0x0d01e91c                igmp_init
                0x0d01e9cc                igmp_input
                0x0d01eac4                igmp_fasttimo
                0x0d01ec5c                igmp_send
                0x0d01ef04                igmp_joingroup
                0x0d01f170                igmp_leavegroup
                0x0d01f1ec                igmp_validate
                0x0d01f548                igmp_print_stats
 .text          0x0d01f928      0xb6c ../softwareVol1_bsp/\libucosii_bsp.a(bsdsock.o)
                0x0d01f928                bsd_accept
                0x0d01fa60                bsd_getpeername
                0x0d01fb8c                bsd_getsockname
                0x0d01fcb8                bsd_i_sockoptlen
                0x0d01fe70                bsd_getsockopt
                0x0d01ff90                bsd_ioctl
                0x0d020094                bsd_inet_ntoa
                0x0d0200c4                bsd_recvfrom
                0x0d020224                bsd_select
                0x0d0203a8                bsd_setsockopt
 .text          0x0d020494      0x118 ../softwareVol1_bsp/\libucosii_bsp.a(cksum.o)
                0x0d020494                ccksum
                0x0d020544                cksum
 .text          0x0d0205ac      0xa9c ../softwareVol1_bsp/\libucosii_bsp.a(in_utils.o)
                0x0d0205ac                do_trap
                0x0d0205d8                nextarg
                0x0d020654                hexdump
                0x0d02079c                print_ipad
                0x0d020810                print_uptime
                0x0d02093c                panic
                0x0d020980                print_eth
                0x0d020ae4                uslash
                0x0d020b64                ns_printf
                0x0d020ce8                std_out
                0x0d020d2c                con_page
                0x0d020e1c                parse_args
 .text          0x0d021048      0x1d0 ../softwareVol1_bsp/\libucosii_bsp.a(netmain.o)
                0x0d021048                netmain
                0x0d021144                tk_netmain
                0x0d0211cc                tk_nettick
 .text          0x0d021218      0x62c ../softwareVol1_bsp/\libucosii_bsp.a(tk_crnos.o)
                0x0d021218                TK_OSTimeDly
                0x0d021244                TK_OSTaskResume
                0x0d0212b4                tcp_sleep
                0x0d02147c                tcp_wakeup
                0x0d02159c                TK_OSTaskQuery
                0x0d021610                tk_yield
                0x0d02163c                tk_stats
 .text          0x0d021844     0x326c ../softwareVol1_bsp/\libucosii_bsp.a(dhcpclnt.o)
                0x0d021844                dhc_get_srv_ipaddr
                0x0d0218d4                dhc_init
                0x0d0219a0                dhc_set_callback
                0x0d0219f8                dhc_upcall
                0x0d0222b8                dhc_buildheader
                0x0d0224e8                dhc_discover
                0x0d022a38                dhc_rx_offer
                0x0d022b54                dhc_request
                0x0d023748                dhc_setip
                0x0d0239e8                dhc_resetip
                0x0d023acc                dhc_decline
                0x0d023cb0                dhc_extract_opts
                0x0d023f98                dhc_second
                0x0d0245b4                dhc_halt
                0x0d02464c                dhc_reclaim
                0x0d02484c                dhc_state_init
                0x0d0248ac                dhc_alldone
                0x0d024954                dhc_ifacedone
                0x0d0249e0                dhc_set_state
 .text          0x0d024ab0       0xcc ../softwareVol1_bsp/\libucosii_bsp.a(dhcputil.o)
                0x0d024ab0                find_opt
 .text          0x0d024b7c      0x79c ../softwareVol1_bsp/\libucosii_bsp.a(pktalloc.o)
                0x0d024b7c                pk_init
                0x0d024e0c                pk_alloc
                0x0d024ee8                pk_validate
                0x0d0251a0                pk_free
                0x0d02524c                pk_get_max_intrsafe_buf_len
                0x0d02526c                dump_buf_estats
 .text          0x0d025318      0x288 ../softwareVol1_bsp/\libucosii_bsp.a(q.o)
                0x0d025318                getq
                0x0d0253e0                putq
                0x0d025490                qdel
 .text          0x0d0255a0      0x31c ../softwareVol1_bsp/\libucosii_bsp.a(udp_open.o)
                0x0d0255a0                udp_open
                0x0d0257d8                udp_close
 .text          0x0d0258bc      0x194 ../softwareVol1_bsp/\libucosii_bsp.a(asm_cksum.o)
                0x0d0258bc                asm_cksum
 .text          0x0d025a50      0x2a0 ../softwareVol1_bsp/\libucosii_bsp.a(brdutils.o)
                0x0d025a50                dtrap
                0x0d025a80                kbhit
                0x0d025b2c                getch
                0x0d025b8c                clock_init
                0x0d025bc8                clock_c
                0x0d025be4                cticks_hook
                0x0d025c50                irq_Mask
                0x0d025cac                irq_Unmask
 .text          0x0d025cf0      0x488 ../softwareVol1_bsp/\libucosii_bsp.a(osportco.o)
                0x0d025cf0                LOCK_NET_RESOURCE
                0x0d025db0                UNLOCK_NET_RESOURCE
                0x0d025e38                TK_NEWTASK
                0x0d02604c                wait_app_sem
                0x0d026100                post_app_sem
 .text          0x0d026178      0x58c ../softwareVol1_bsp/\libucosii_bsp.a(targnios.o)
                0x0d026178                alt_iniche_init
                0x0d0263b8                pre_task_setup
                0x0d02642c                post_task_setup
                0x0d02644c                prep_armintcp
                0x0d026484                calloc2
                0x0d0264b8                npalloc
                0x0d0265ac                npfree
                0x0d026664                ncpalloc
                0x0d0266b8                ncpfree
 .text          0x0d026704     0x197c ../softwareVol1_bsp/\libucosii_bsp.a(nptcp.o)
                0x0d026704                pffindtype
                0x0d0267a4                pffindproto
                0x0d026874                m_getnbuf
                0x0d026a1c                m_free
                0x0d026b50                m_freem
                0x0d026b94                m_copy
                0x0d026eb8                m_adj
                0x0d027088                mbuf_len
                0x0d0270e0                dtom
                0x0d027188                remque
                0x0d0271f8                insque
                0x0d027274                nptcp_init
                0x0d027398                tcp_rcv
                0x0d027584                ip_output
                0x0d027b7c                in_broadcast
                0x0d027bbc                np_stripoptions
                0x0d027ca4                so_icmpdu
                0x0d027ffc                tcp_tick
 .text          0x0d028080      0xa2c ../softwareVol1_bsp/\libucosii_bsp.a(rawsock.o)
                0x0d028080                rawip_lookup
                0x0d0280f0                rawip_soinput
                0x0d0282c4                rawip_usrreq
 .text          0x0d028aac     0x17fc ../softwareVol1_bsp/\libucosii_bsp.a(sockcall.o)
                0x0d028aac                DOMAIN_CHECK
                0x0d028af8                t_socket
                0x0d028b88                t_bind
                0x0d028d04                t_listen
                0x0d028de8                t_accept
                0x0d029080                t_connect
                0x0d029328                t_getpeername
                0x0d02936c                t_getsockname
                0x0d0295ac                t_setsockopt
                0x0d029788                t_getsockopt
                0x0d02992c                t_recv
                0x0d029a1c                t_recvfrom
                0x0d029b6c                t_sendto
                0x0d029d98                t_send
                0x0d029fc0                t_shutdown
                0x0d02a0a4                t_socketclose
                0x0d02a20c                t_errno
 .text          0x0d02a2a8     0x237c ../softwareVol1_bsp/\libucosii_bsp.a(socket.o)
                0x0d02a2a8                socreate
                0x0d02a474                sobind
                0x0d02a4d0                solisten
                0x0d02a5c0                sofree
                0x0d02a6f0                soclose
                0x0d02a9ec                soabort
                0x0d02aa3c                soaccept
                0x0d02aad8                soconnect
                0x0d02abac                sodisconnect
                0x0d02ac4c                sosend
                0x0d02b254                soreceive
                0x0d02ba38                soshutdown
                0x0d02bae0                sorflush
                0x0d02bbe0                sosetopt
                0x0d02c0a0                sogetopt
                0x0d02c5e0                sohasoutofband
 .text          0x0d02c624     0x1318 ../softwareVol1_bsp/\libucosii_bsp.a(socket2.o)
                0x0d02c624                soisconnecting
                0x0d02c690                soisconnected
                0x0d02c78c                soisdisconnecting
                0x0d02c818                soisdisconnected
                0x0d02c8d4                sonewconn
                0x0d02caf0                soqinsque
                0x0d02cb9c                soqremque
                0x0d02ccbc                socantsendmore
                0x0d02cd0c                socantrcvmore
                0x0d02cd5c                sbselqueue
                0x0d02cd94                sbwait
                0x0d02cdfc                sbwakeup
                0x0d02ce98                soreserve
                0x0d02cf18                sbreserve
                0x0d02cf78                sbrelease
                0x0d02cfc0                sbappend
                0x0d02d068                sbappendrecord
                0x0d02d148                sbappendaddr
                0x0d02d350                sbcompress
                0x0d02d538                sbflush
                0x0d02d5c8                sbdrop
                0x0d02d798                sbdropend
                0x0d02d8a8                sbdroprecord
 .text          0x0d02d93c      0x91c ../softwareVol1_bsp/\libucosii_bsp.a(soselect.o)
                0x0d02d93c                t_select
                0x0d02db5c                sock_selscan
                0x0d02dcbc                sock_select
                0x0d02ded0                in_pcbnotify
                0x0d02df9c                tcp_notify
                0x0d02e004                ifd_clr
                0x0d02e0f4                ifd_set
                0x0d02e168                ifd_isset
                0x0d02e1e8                ifd_get
 .text          0x0d02e258     0x2ff0 ../softwareVol1_bsp/\libucosii_bsp.a(tcp_in.o)
                0x0d02e258                tcp_reass
                0x0d02e660                tcp_input
                0x0d030bbc                tcp_dooptions
                0x0d030d4c                tcp_pulloutofband
                0x0d030e78                tcp_xmit_timer
                0x0d0310e4                ip4_tcpmss
                0x0d03112c                tcp_mss
 .text          0x0d031248     0x1370 ../softwareVol1_bsp/\libucosii_bsp.a(tcp_out.o)
                0x0d031248                tcp_output
                0x0d0323d4                tcp_setpersist
 .text          0x0d0325b8      0x9e8 ../softwareVol1_bsp/\libucosii_bsp.a(tcp_subr.o)
                0x0d0325b8                tcp_init
                0x0d032610                tcp_template
                0x0d032728                tcp_respond
                0x0d032bb0                tcp_newtcpcb
                0x0d032cc8                tcp_drop
                0x0d032d74                tcp_close
                0x0d032e5c                tcp_quench
                0x0d032ea8                tcp_putseq
                0x0d032f28                tcp_getseq
 .text          0x0d032fa0      0x798 ../softwareVol1_bsp/\libucosii_bsp.a(tcp_timr.o)
                0x0d032fa0                tcp_slowtimo
                0x0d033240                tcp_canceltimers
                0x0d03329c                tcp_timers
 .text          0x0d033738      0x9ec ../softwareVol1_bsp/\libucosii_bsp.a(tcp_usr.o)
                0x0d033738                tcp_usrreq
                0x0d033e3c                tcp_attach
                0x0d033f70                tcp_disconnect
                0x0d034044                tcp_usrclosed
 .text          0x0d034124       0x4c ../softwareVol1_bsp/\libucosii_bsp.a(tcpport.o)
                0x0d034124                tcpinit
 .text          0x0d034170      0xd20 ../softwareVol1_bsp/\libucosii_bsp.a(udpsock.o)
                0x0d034170                udp_lookup
                0x0d0341e0                udp_soinput
                0x0d034398                udp_usrreq
                0x0d03461c                udp4_sockbind
                0x0d034958                udp4_socksend
                0x0d034d34                udp4_sockaddr
 .text          0x0d034e90      0x154 ../softwareVol1_bsp/\libucosii_bsp.a(alt_alarm_start.o)
                0x0d034e90                alt_alarm_start
 .text          0x0d034fe4      0x160 ../softwareVol1_bsp/\libucosii_bsp.a(alt_close.o)
                0x0d034fe4                alt_close
 .text          0x0d035144       0x24 ../softwareVol1_bsp/\libucosii_bsp.a(alt_dcache_flush.o)
                0x0d035144                alt_dcache_flush
 .text          0x0d035168       0x1c ../softwareVol1_bsp/\libucosii_bsp.a(alt_dcache_flush_all.o)
                0x0d035168                alt_dcache_flush_all
 .text          0x0d035184       0x2c ../softwareVol1_bsp/\libucosii_bsp.a(alt_dev.o)
 .text          0x0d0351b0      0x114 ../softwareVol1_bsp/\libucosii_bsp.a(alt_dev_llist_insert.o)
                0x0d0351b0                alt_dev_llist_insert
 .text          0x0d0352c4       0x64 ../softwareVol1_bsp/\libucosii_bsp.a(alt_do_ctors.o)
                0x0d0352c4                _do_ctors
 .text          0x0d035328       0x64 ../softwareVol1_bsp/\libucosii_bsp.a(alt_do_dtors.o)
                0x0d035328                _do_dtors
 .text          0x0d03538c        0x0 ../softwareVol1_bsp/\libucosii_bsp.a(alt_errno.o)
 .text          0x0d03538c       0x94 ../softwareVol1_bsp/\libucosii_bsp.a(alt_find_dev.o)
                0x0d03538c                alt_find_dev
 .text          0x0d035420       0x30 ../softwareVol1_bsp/\libucosii_bsp.a(alt_icache_flush_all.o)
                0x0d035420                alt_icache_flush_all
 .text          0x0d035450      0x1d4 ../softwareVol1_bsp/\libucosii_bsp.a(alt_iic.o)
                0x0d035450                alt_ic_isr_register
                0x0d0354a0                alt_ic_irq_enable
                0x0d03553c                alt_ic_irq_disable
                0x0d0355dc                alt_ic_irq_enabled
 .text          0x0d035624       0xf8 ../softwareVol1_bsp/\libucosii_bsp.a(alt_iic_isr_register.o)
                0x0d035624                alt_iic_isr_register
 .text          0x0d03571c      0x150 ../softwareVol1_bsp/\libucosii_bsp.a(alt_io_redirect.o)
                0x0d0357f4                alt_io_redirect
 .text          0x0d03586c        0x0 ../softwareVol1_bsp/\libucosii_bsp.a(alt_irq_entry.o)
 .text          0x0d03586c        0x0 ../softwareVol1_bsp/\libucosii_bsp.a(alt_irq_handler.o)
 .text          0x0d03586c        0x0 ../softwareVol1_bsp/\libucosii_bsp.a(alt_irq_vars.o)
 .text          0x0d03586c      0x2e4 ../softwareVol1_bsp/\libucosii_bsp.a(alt_open.o)
                0x0d035964                open
 .text          0x0d035b50      0x184 ../softwareVol1_bsp/\libucosii_bsp.a(alt_read.o)
                0x0d035b50                alt_read
 .text          0x0d035cd4       0x78 ../softwareVol1_bsp/\libucosii_bsp.a(alt_release_fd.o)
                0x0d035cd4                alt_release_fd
 .text          0x0d035d4c       0x38 ../softwareVol1_bsp/\libucosii_bsp.a(alt_remap_cached.o)
                0x0d035d4c                alt_remap_cached
 .text          0x0d035d84       0x40 ../softwareVol1_bsp/\libucosii_bsp.a(alt_remap_uncached.o)
                0x0d035d84                alt_remap_uncached
 .text          0x0d035dc4      0x1a8 ../softwareVol1_bsp/\libucosii_bsp.a(alt_tick.o)
                0x0d035dc4                alt_alarm_stop
                0x0d035e5c                alt_tick
 .text          0x0d035f6c       0x64 ../softwareVol1_bsp/\libucosii_bsp.a(alt_uncached_malloc.o)
                0x0d035f6c                alt_uncached_malloc
 .text          0x0d035fd0      0x120 ../softwareVol1_bsp/\libucosii_bsp.a(alt_usleep.o)
                0x0d035fd0                usleep
 .text          0x0d0360f0      0x184 ../softwareVol1_bsp/\libucosii_bsp.a(alt_write.o)
                0x0d0360f0                alt_write
 .text          0x0d036274       0x20 ../softwareVol1_bsp/\libucosii_bsp.a(altera_nios2_irq.o)
                0x0d036274                altera_nios2_irq_init
 .text          0x0d036294       0xd0 ../softwareVol1_bsp/\libucosii_bsp.a(os_cpu_a.o)
                0x0d036294                OSCtxSw
                0x0d036294                OSIntCtxSw
                0x0d036320                OSStartHighRdy
                0x0d036340                OSStartTsk
 .text          0x0d036364      0x424 ../softwareVol1_bsp/\libucosii_bsp.a(os_cpu_c.o)
                0x0d036364                OSTaskStkInit
                0x0d036674                OSTaskCreateHook
                0x0d036694                OSTaskDelHook
                0x0d0366b4                OSTaskSwHook
                0x0d0366d0                OSTaskStatHook
                0x0d0366ec                OSTimeTickHook
                0x0d036714                OSInitHookBegin
                0x0d036730                OSInitHookEnd
                0x0d03674c                OSTaskIdleHook
                0x0d036768                OSTCBInitHook
 .text          0x0d036788      0x464 ../softwareVol1_bsp/\libucosii_bsp.a(altera_avalon_cfi_flash_amd.o)
                0x0d036788                alt_program_amd
                0x0d0367f0                alt_erase_block_amd
 .text          0x0d036bec      0x464 ../softwareVol1_bsp/\libucosii_bsp.a(altera_avalon_cfi_flash_intel.o)
                0x0d036bec                alt_program_intel
                0x0d036c70                alt_erase_block_intel
 .text          0x0d037050      0x238 ../softwareVol1_bsp/\libucosii_bsp.a(altera_avalon_spi.o)
                0x0d037050                alt_avalon_spi_command
 .text          0x0d037288     0x5434 ../softwareVol1_bsp/\libucosii_bsp.a(altera_avalon_tse.o)
                0x0d037288                no_printf
                0x0d0372b4                tse_mac_initTransInfo2
                0x0d037314                tse_mac_sTxWrite
                0x0d037404                tse_mac_aRxRead
                0x0d0374a8                tse_mac_SwReset
                0x0d03753c                tse_mac_setMIImode
                0x0d037594                tse_mac_setGMIImode
                0x0d0375e8                alt_tse_phy_add_profile
                0x0d0377c0                alt_tse_system_add_sys
                0x0d038290                alt_tse_sys_enable_mdio_sharing
                0x0d038428                alt_tse_mac_get_common_speed
                0x0d038468                alt_tse_mac_set_common_speed
                0x0d0384b0                alt_tse_get_system_index
                0x0d038538                alt_tse_get_mac_group_index
                0x0d0385b8                alt_tse_get_mac_info_index
                0x0d038644                alt_tse_get_mac_info
                0x0d038724                alt_tse_mac_set_speed
                0x0d038810                alt_tse_mac_set_duplex
                0x0d0388a8                getPHYSpeed
                0x0d0396b0                alt_tse_phy_rd_mdio_addr
                0x0d0396f8                alt_tse_phy_wr_mdio_addr
                0x0d03974c                alt_tse_phy_wr_mdio_reg
                0x0d039874                alt_tse_phy_rd_mdio_reg
                0x0d039938                alt_tse_phy_add_profile_default
                0x0d039bb0                alt_tse_phy_print_profile
                0x0d039da0                alt_tse_mac_group_init
                0x0d03a4b8                alt_tse_mac_get_phy
                0x0d03a8d0                alt_tse_mac_associate_phy
                0x0d03ab08                alt_tse_phy_cfg_pcs
                0x0d03ac28                alt_tse_phy_init
                0x0d03ad3c                alt_tse_phy_restart_an
                0x0d03aeec                alt_tse_phy_check_link
                0x0d03b030                alt_tse_phy_get_cap
                0x0d03b570                alt_tse_phy_set_adv_1000
                0x0d03b704                alt_tse_phy_set_adv_100
                0x0d03b914                alt_tse_phy_set_adv_10
                0x0d03baac                alt_tse_phy_get_common_speed
                0x0d03bdc8                alt_tse_phy_set_common_speed
                0x0d03c2ac                marvell_phy_cfg
                0x0d03c354                marvell_cfg_gmii
                0x0d03c448                marvell_cfg_sgmii
                0x0d03c53c                marvell_cfg_rgmii
                0x0d03c63c                DP83848C_link_status_read
 .text          0x0d03c6bc      0x3ec ../softwareVol1_bsp/\libucosii_bsp.a(allports.o)
                0x0d03c6bc                netmain_init
                0x0d03c7b8                icmp_port_du
                0x0d03c840                station_state
                0x0d03c99c                sysuptime
                0x0d03c9e0                packet_check
                0x0d03ca2c                mcastlist
                0x0d03ca50                prep_modules
 .text          0x0d03caa8      0x510 ../softwareVol1_bsp/\libucosii_bsp.a(timeouts.o)
                0x0d03caa8                inet_timer
                0x0d03cd44                in_timerset
                0x0d03cf00                in_timerkill
 .text          0x0d03cfb8       0xa4 ../softwareVol1_bsp/\libucosii_bsp.a(tk_misc.o)
                0x0d03cfb8                create_apptasks
                0x0d03cfdc                task_stats
 .text          0x0d03d05c       0xb0 ../softwareVol1_bsp/\libucosii_bsp.a(alt_iniche_fcntl.o)
                0x0d03d05c                fcntl
 .text          0x0d03d10c     0x14a0 ../softwareVol1_bsp/\libucosii_bsp.a(et_arp.o)
                0x0d03d10c                etainit
                0x0d03d160                et_send
                0x0d03d2dc                arp_free_pending
                0x0d03d364                arp_send_pending
                0x0d03d3d8                send_arp
                0x0d03d870                find_oldest_arp
                0x0d03da18                make_arp_entry
                0x0d03db2c                arpReply
                0x0d03ddc0                arprcv
                0x0d03e020                send_via_arp
                0x0d03e1c8                cb_arpent_tmo
                0x0d03e2e0                grat_arp
 .text          0x0d03e5ac      0x298 ../softwareVol1_bsp/\libucosii_bsp.a(iface.o)
                0x0d03e5ac                if_getbynum
                0x0d03e630                isbcast
                0x0d03e710                reg_type
                0x0d03e7ac                if_killsocks
 .text          0x0d03e844     0x22c8 ../softwareVol1_bsp/\libucosii_bsp.a(ip.o)
                0x0d03e844                ip_init
                0x0d03e954                ip_bldhead
                0x0d03eaf8                ip_write_internal
                0x0d03f278                ip_write
                0x0d03f4c0                ip_write2
                0x0d03f870                ip_raw_write
                0x0d03f948                ip_fragment_lc
                0x0d03fdd0                ip_fragment
                0x0d040404                ip_mymach
                0x0d0404b0                ip_dump
                0x0d040768                iproute
                0x0d0409d4                ip_copypkt
 .text          0x0d040b0c     0x1d9c ../softwareVol1_bsp/\libucosii_bsp.a(ip_reasm.o)
                0x0d040b0c                ip_reasm_match_frag_with_ire
                0x0d040bdc                ip_reasm_determine_type_of_frag
                0x0d040cc8                ip_reasm_check_mem_useage
                0x0d040d60                ip_reasm_incr_mem_useage
                0x0d040e08                ip_reasm_decr_mem_useage
                0x0d040ea8                ip_reasm_process_first_fragment
                0x0d041188                ip_reassm
                0x0d041228                ip_reasm_compute_overlap
                0x0d0417b8                ip_reasm_process_subsequent_fragments
                0x0d041d4c                ip_reasm_find_ire
                0x0d041db0                ip_reasm_copy_queued_fragments_into_reassy_buffer
                0x0d04210c                ip_reasm_process_timer_tick
                0x0d0421f0                ip_reasm_delete_ire
                0x0d0423b8                ip_reasm_mark_compact_rfq
                0x0d042500                ipr_stats
                0x0d042854                ip_reasm_send_icmp_timex
 .text          0x0d0428a8      0xe3c ../softwareVol1_bsp/\libucosii_bsp.a(ipdemux.o)
                0x0d0428a8                ip_rcv
                0x0d042ca8                ip_rcv_phase2
                0x0d0432b4                ip_demux
 .text          0x0d0436e4      0x2f0 ../softwareVol1_bsp/\libucosii_bsp.a(ipmc.o)
                0x0d0436e4                in_addmulti
                0x0d04384c                in_delmulti
                0x0d043964                lookup_mcast
 .text          0x0d0439d4       0xe4 ../softwareVol1_bsp/\libucosii_bsp.a(ipport.o)
                0x0d0439d4                prep_ifaces
                0x0d043a68                netexit
                0x0d043a90                evtmap_setup
 .text          0x0d043ab8      0x550 ../softwareVol1_bsp/\libucosii_bsp.a(ipraw.o)
                0x0d043ab8                ip_raw_open
                0x0d043ba8                ip_raw_close
                0x0d043c68                ip_raw_input
                0x0d043ea0                ip_raw_alloc
                0x0d043f6c                ip_raw_free
                0x0d043fac                ip_raw_maxalloc
 .text          0x0d044008      0x704 ../softwareVol1_bsp/\libucosii_bsp.a(iproute.o)
                0x0d044008                rt_lookup
                0x0d044198                add_route
                0x0d0445c4                del_route
 .text          0x0d04470c      0xe3c ../softwareVol1_bsp/\libucosii_bsp.a(udp.o)
                0x0d04470c                udpdemux
                0x0d044f64                udp_send
                0x0d04521c                udpswap
                0x0d04534c                udp_socket
                0x0d04541c                udp_alloc
                0x0d0454dc                udp_maxalloc
                0x0d045508                udp_free
 .text          0x0d045548      0x2e8 ../softwareVol1_bsp/\libucosii_bsp.a(igmp.o)
                0x0d045548                igmpv1_input
 .text          0x0d045830      0x7c0 ../softwareVol1_bsp/\libucosii_bsp.a(igmp2.o)
                0x0d045830                igmpv2_input
                0x0d045990                igmpv2_process_report
                0x0d045adc                igmpv2_process_query
                0x0d045d28                igmpv2_chk_set_timer
                0x0d045e80                igmpv2_chk4_rtr_alert_opt
 .text          0x0d045ff0      0x8fc ../softwareVol1_bsp/\libucosii_bsp.a(ipopt.o)
                0x0d045ff0                IPADDR_TO_NETP
                0x0d046138                ip_setmoptions
                0x0d046728                ip_getmoptions
                0x0d046868                ip_freemoptions
 .text          0x0d0468ec      0x6ac ../softwareVol1_bsp/\libucosii_bsp.a(u_mctest.o)
                0x0d0468ec                u_mctest_init
                0x0d04691c                u_mctest_run
 .text          0x0d046f98      0x394 ../softwareVol1_bsp/\libucosii_bsp.a(dhcsetup.o)
                0x0d046f98                dhc_setup
                0x0d047228                dhc_main_ipset
 .text          0x0d04732c      0x41c ../softwareVol1_bsp/\libucosii_bsp.a(memdev.o)
                0x0d04732c                init_memdev
                0x0d0473a4                md_fopen
                0x0d0473cc                md_fclose
                0x0d0473ec                md_fread
                0x0d04756c                md_fwrite
                0x0d0475fc                md_fseek
                0x0d047628                md_ftell
                0x0d04764c                md_fgetc
                0x0d047724                md_unlink
 .text          0x0d047748      0x81c ../softwareVol1_bsp/\libucosii_bsp.a(parseip.o)
                0x0d047748                parse_ipad
                0x0d047a64                inet_addr
                0x0d047acc                hextoa
                0x0d047b3c                inet_pton
                0x0d047be8                inet_ntop
                0x0d047c74                print46_addr
                0x0d047cd4                inet46_addr
                0x0d047d98                inet_setport
                0x0d047e0c                convert_ip
 .text          0x0d047f64      0x1cc ../softwareVol1_bsp/\libucosii_bsp.a(tcpcksum.o)
                0x0d047f64                tcp_cksum
 .text          0x0d048130      0x900 ../softwareVol1_bsp/\libucosii_bsp.a(in_pcb.o)
                0x0d048130                in_pcballoc
                0x0d0481c4                in_pcbdetach
                0x0d048218                in_pcbbind
                0x0d04846c                in_pcbconnect
                0x0d04867c                in_pcbdisconnect
                0x0d0486dc                in_setsockaddr
                0x0d048758                in_setpeeraddr
                0x0d0487d4                in_pcblookup
 .text          0x0d048a30     0x1a74 ../softwareVol1_bsp/\libucosii_bsp.a(vfsfiles.o)
                0x0d048a30                set_vfopen_error
                0x0d048a58                get_vfopen_error
                0x0d048a78                vf_alloc_and_link_vop
                0x0d048af4                vf_alloc_buffer
                0x0d048bcc                vf_free_buffer
                0x0d048c1c                vfopen_locked
                0x0d048f84                vfopen
                0x0d048fd4                vfclose_locked
                0x0d04917c                vfclose
                0x0d0491bc                vfflush
                0x0d049204                vfgets
                0x0d0492e8                vfeof
                0x0d049340                vunlink_flag_open_files
                0x0d04939c                vunlink
                0x0d0495bc                vfread
                0x0d049768                vfwrite_locked
                0x0d049b50                vfwrite
                0x0d049bb0                vfseek
                0x0d049d2c                vftell
                0x0d049e60                vgetc_locked
                0x0d049f80                vgetc
                0x0d049fc8                vfslookup_locked
                0x0d04a100                vfslookup
                0x0d04a148                strippath
                0x0d04a330                isvfile_locked
                0x0d04a394                isvfile
                0x0d04a3dc                vferror
                0x0d04a448                vclearerr
 .text          0x0d04a4a4       0x24 ../softwareVol1_bsp/\libucosii_bsp.a(vfsport.o)
                0x0d04a4a4                prep_vfs
 .text          0x0d04a4c8      0x15c ../softwareVol1_bsp/\libucosii_bsp.a(alt_busy_sleep.o)
                0x0d04a4c8                alt_busy_sleep
 .text          0x0d04a624        0x0 ../softwareVol1_bsp/\libucosii_bsp.a(alt_exception_entry.o)
 .text          0x0d04a624      0x1b8 ../softwareVol1_bsp/\libucosii_bsp.a(alt_fcntl.o)
                0x0d04a624                alt_fcntl
 .text          0x0d04a7dc      0x120 ../softwareVol1_bsp/\libucosii_bsp.a(alt_find_file.o)
                0x0d04a7dc                alt_find_file
 .text          0x0d04a8fc      0x104 ../softwareVol1_bsp/\libucosii_bsp.a(alt_get_fd.o)
                0x0d04a8fc                alt_get_fd
 .text          0x0d04aa00       0x90 ../softwareVol1_bsp/\libucosii_bsp.a(alt_icache_flush.o)
                0x0d04aa00                alt_icache_flush
 .text          0x0d04aa90     0x130c ../softwareVol1_bsp/\libucosii_bsp.a(icmp.o)
                0x0d04aa90                icmprcv
                0x0d04b6c4                icmp_destun
                0x0d04ba14                icmp_timex
                0x0d04bd48                icmp_du
 .text          0x0d04bd9c       0x14 c:/altera/12.1/nios2eds/bin/gnu/h-i686-mingw32/bin/../lib/gcc/nios2-elf/4.1.2/../../../../nios2-elf/lib/mno-hw-mul\libc.a(lib_a-atexit.o)
                0x0d04bd9c                atexit
 .text          0x0d04bdb0       0x18 c:/altera/12.1/nios2eds/bin/gnu/h-i686-mingw32/bin/../lib/gcc/nios2-elf/4.1.2/../../../../nios2-elf/lib/mno-hw-mul\libc.a(lib_a-atoi.o)
                0x0d04bdb0                _atoi_r
                0x0d04bdbc                atoi
 .text          0x0d04bdc8       0x1c c:/altera/12.1/nios2eds/bin/gnu/h-i686-mingw32/bin/../lib/gcc/nios2-elf/4.1.2/../../../../nios2-elf/lib/mno-hw-mul\libc.a(lib_a-calloc.o)
                0x0d04bdc8                calloc
 .text          0x0d04bde4       0x38 c:/altera/12.1/nios2eds/bin/gnu/h-i686-mingw32/bin/../lib/gcc/nios2-elf/4.1.2/../../../../nios2-elf/lib/mno-hw-mul\libc.a(lib_a-exit.o)
                0x0d04bde4                exit
 .text          0x0d04be1c       0x28 c:/altera/12.1/nios2eds/bin/gnu/h-i686-mingw32/bin/../lib/gcc/nios2-elf/4.1.2/../../../../nios2-elf/lib/mno-hw-mul\libc.a(lib_a-malloc.o)
                0x0d04be1c                free
                0x0d04be30                malloc
 .text          0x0d04be44       0x74 c:/altera/12.1/nios2eds/bin/gnu/h-i686-mingw32/bin/../lib/gcc/nios2-elf/4.1.2/../../../../nios2-elf/lib/mno-hw-mul\libc.a(lib_a-memcmp.o)
                0x0d04be44                memcmp
 .text          0x0d04beb8       0x8c c:/altera/12.1/nios2eds/bin/gnu/h-i686-mingw32/bin/../lib/gcc/nios2-elf/4.1.2/../../../../nios2-elf/lib/mno-hw-mul\libc.a(lib_a-strcpy.o)
                0x0d04beb8                strcpy
 .text          0x0d04bf44       0xf0 c:/altera/12.1/nios2eds/bin/gnu/h-i686-mingw32/bin/../lib/gcc/nios2-elf/4.1.2/../../../../nios2-elf/lib/mno-hw-mul\libc.a(lib_a-strncmp.o)
                0x0d04bf44                strncmp
 .text          0x0d04c034       0xbc c:/altera/12.1/nios2eds/bin/gnu/h-i686-mingw32/bin/../lib/gcc/nios2-elf/4.1.2/../../../../nios2-elf/lib/mno-hw-mul\libc.a(lib_a-strncpy.o)
                0x0d04c034                strncpy
 .text          0x0d04c0f0      0x274 c:/altera/12.1/nios2eds/bin/gnu/h-i686-mingw32/bin/../lib/gcc/nios2-elf/4.1.2/../../../../nios2-elf/lib/mno-hw-mul\libc.a(lib_a-strtol.o)
                0x0d04c0f0                _strtol_r
                0x0d04c340                strtol
 .text          0x0d04c364       0x34 c:/altera/12.1/nios2eds/bin/gnu/h-i686-mingw32/bin/../lib/gcc/nios2-elf/4.1.2/../../../../nios2-elf/lib/mno-hw-mul\libc.a(lib_a-vprintf.o)
                0x0d04c364                _vprintf_r
                0x0d04c378                vprintf
 .text          0x0d04c398       0x74 c:/altera/12.1/nios2eds/bin/gnu/h-i686-mingw32/bin/../lib/gcc/nios2-elf/4.1.2/../../../../nios2-elf/lib/mno-hw-mul\libc.a(lib_a-vsprintf.o)
                0x0d04c398                _vsprintf_r
                0x0d04c3e8                vsprintf
 .text          0x0d04c40c      0x134 c:/altera/12.1/nios2eds/bin/gnu/h-i686-mingw32/bin/../lib/gcc/nios2-elf/4.1.2/../../../../nios2-elf/lib/mno-hw-mul\libc.a(lib_a-__atexit.o)
                0x0d04c40c                __register_exitproc
 .text          0x0d04c540      0x1b4 c:/altera/12.1/nios2eds/bin/gnu/h-i686-mingw32/bin/../lib/gcc/nios2-elf/4.1.2/../../../../nios2-elf/lib/mno-hw-mul\libc.a(lib_a-__call_atexit.o)
                0x0d04c544                __call_exitprocs
 .text          0x0d04c6f4       0x6c ../softwareVol1_bsp/\libucosii_bsp.a(alt_exit.o)
                0x0d04c734                _exit
 *(.gnu.warning.*)
 *(.fini)
                0x0d04c760                PROVIDE (__etext, ABSOLUTE (.))
                0x0d04c760                PROVIDE (_etext, ABSOLUTE (.))
                0x0d04c760                PROVIDE (etext, ABSOLUTE (.))
 *(.eh_frame_hdr)
                0x0d04c760                . = ALIGN (0x4)
                0x0d04c760                PROVIDE (__preinit_array_start, ABSOLUTE (.))
 *(.preinit_array)
                0x0d04c760                PROVIDE (__preinit_array_end, ABSOLUTE (.))
                0x0d04c760                PROVIDE (__init_array_start, ABSOLUTE (.))
 *(.init_array)
                0x0d04c760                PROVIDE (__init_array_end, ABSOLUTE (.))
                0x0d04c760                PROVIDE (__fini_array_start, ABSOLUTE (.))
 *(.fini_array)
                0x0d04c760                PROVIDE (__fini_array_end, ABSOLUTE (.))
 *(.eh_frame)
 *(.gcc_except_table)
 *(.dynamic)
                0x0d04c760                PROVIDE (__CTOR_LIST__, ABSOLUTE (.))
 *(.ctors)
 *(SORT(.ctors.*))
 .ctors.65535   0x0d04c760        0x4 c:/altera/12.1/nios2eds/bin/gnu/h-i686-mingw32/bin/../lib/gcc/nios2-elf/4.1.2/../../../../nios2-elf/lib/mno-hw-mul\libc.a(lib_a-__call_atexit.o)
                0x0d04c764                PROVIDE (__CTOR_END__, ABSOLUTE (.))
                0x0d04c764                PROVIDE (__DTOR_LIST__, ABSOLUTE (.))
 *(.dtors)
 *(SORT(.dtors.*))
                0x0d04c764                PROVIDE (__DTOR_END__, ABSOLUTE (.))
 *(.jcr)
                0x0d04c764                . = ALIGN (0x4)

.rodata         0x0d04c764     0x6074
                0x0d04c764                PROVIDE (__ram_rodata_start, ABSOLUTE (.))
                0x0d04c764                . = ALIGN (0x4)
 *(.rodata .rodata.* .gnu.linkonce.r.*)
 .rodata        0x0d04c764      0xba4 obj/default/alt_error_handler.o
 .rodata        0x0d04d308       0x3c obj/default/iniche_init.o
 .rodata        0x0d04d344       0x24 obj/default/led.o
 .rodata        0x0d04d368      0x230 obj/default/network_utilities.o
 .rodata        0x0d04d598      0x2d4 obj/default/simple_socket_server.o
 .rodata        0x0d04d86c       0x20 obj/default/tse_my_system.o
 .rodata        0x0d04d88c      0x281 c:/altera/12.1/nios2eds/bin/gnu/h-i686-mingw32/bin/../lib/gcc/nios2-elf/4.1.2/../../../../nios2-elf/lib/mno-hw-mul\libc.a(lib_a-ctype_.o)
                0x0d04d88c                _ctype_
 *fill*         0x0d04db0d        0x3 00
 .rodata.str1.4
                0x0d04db10        0x2 c:/altera/12.1/nios2eds/bin/gnu/h-i686-mingw32/bin/../lib/gcc/nios2-elf/4.1.2/../../../../nios2-elf/lib/mno-hw-mul\libc.a(lib_a-impure.o)
                                  0x4 (size before relaxing)
 *fill*         0x0d04db12        0x2 00
 .rodata.str1.4
                0x0d04db14        0x3 c:/altera/12.1/nios2eds/bin/gnu/h-i686-mingw32/bin/../lib/gcc/nios2-elf/4.1.2/../../../../nios2-elf/lib/mno-hw-mul\libc.a(lib_a-perror.o)
                                  0x4 (size before relaxing)
 *fill*         0x0d04db17        0x1 00
 .rodata.str1.4
                0x0d04db18        0x2 c:/altera/12.1/nios2eds/bin/gnu/h-i686-mingw32/bin/../lib/gcc/nios2-elf/4.1.2/../../../../nios2-elf/lib/mno-hw-mul\libc.a(lib_a-puts.o)
                                  0x4 (size before relaxing)
 *fill*         0x0d04db1a        0x2 00
 .rodata.str1.4
                0x0d04db1c      0x7a2 c:/altera/12.1/nios2eds/bin/gnu/h-i686-mingw32/bin/../lib/gcc/nios2-elf/4.1.2/../../../../nios2-elf/lib/mno-hw-mul\libc.a(lib_a-strerror.o)
                                0x7a8 (size before relaxing)
 *fill*         0x0d04e2be        0x2 00
 .rodata.str1.4
                0x0d04e2c0       0x5e c:/altera/12.1/nios2eds/bin/gnu/h-i686-mingw32/bin/../lib/gcc/nios2-elf/4.1.2/../../../../nios2-elf/lib/mno-hw-mul\libc.a(lib_a-vfprintf.o)
                                 0x60 (size before relaxing)
 .rodata        0x0d04e31e       0x20 c:/altera/12.1/nios2eds/bin/gnu/h-i686-mingw32/bin/../lib/gcc/nios2-elf/4.1.2/../../../../nios2-elf/lib/mno-hw-mul\libc.a(lib_a-vfprintf.o)
 *fill*         0x0d04e33e        0x2 00
 .rodata.str1.4
                0x0d04e340       0x10 c:/altera/12.1/nios2eds/bin/gnu/h-i686-mingw32/bin/../lib/gcc/nios2-elf/4.1.2/../../../../nios2-elf/lib/mno-hw-mul\libc.a(lib_a-dtoa.o)
                                 0x14 (size before relaxing)
 .rodata.str1.4
                0x0d04e350       0x10 c:/altera/12.1/nios2eds/bin/gnu/h-i686-mingw32/bin/../lib/gcc/nios2-elf/4.1.2/../../../../nios2-elf/lib/mno-hw-mul\libc.a(lib_a-locale.o)
                                 0x18 (size before relaxing)
 .rodata        0x0d04e360       0x30 c:/altera/12.1/nios2eds/bin/gnu/h-i686-mingw32/bin/../lib/gcc/nios2-elf/4.1.2/../../../../nios2-elf/lib/mno-hw-mul\libc.a(lib_a-locale.o)
 .rodata        0x0d04e390      0x124 c:/altera/12.1/nios2eds/bin/gnu/h-i686-mingw32/bin/../lib/gcc/nios2-elf/4.1.2/../../../../nios2-elf/lib/mno-hw-mul\libc.a(lib_a-mprec.o)
                0x0d04e390                __mprec_tens
                0x0d04e458                __mprec_bigtens
                0x0d04e480                __mprec_tinytens
 .rodata        0x0d04e4b4       0x14 c:/altera/12.1/nios2eds/bin/gnu/h-i686-mingw32/bin/../lib/gcc/nios2-elf/4.1.2/mno-hw-mul\libgcc.a(_thenan_df.o)
                0x0d04e4b4                __thenan_df
 .rodata        0x0d04e4c8      0x100 c:/altera/12.1/nios2eds/bin/gnu/h-i686-mingw32/bin/../lib/gcc/nios2-elf/4.1.2/mno-hw-mul\libgcc.a(_clz.o)
                0x0d04e4c8                __clz_tab
 .rodata        0x0d04e5c8       0x10 ../softwareVol1_bsp/\libucosii_bsp.a(alt_main.o)
 .rodata        0x0d04e5d8      0x120 ../softwareVol1_bsp/\libucosii_bsp.a(os_core.o)
                0x0d04e5d8                OSUnMapTbl
 .rodata        0x0d04e6f8       0x84 ../softwareVol1_bsp/\libucosii_bsp.a(alt_sys_init.o)
 .rodata        0x0d04e77c      0x374 ../softwareVol1_bsp/\libucosii_bsp.a(ins_tse_mac.o)
 .rodata        0x0d04eaf0       0xd8 ../softwareVol1_bsp/\libucosii_bsp.a(ipnet.o)
 .rodata        0x0d04ebc8       0xec ../softwareVol1_bsp/\libucosii_bsp.a(ipstart.o)
 .rodata        0x0d04ecb4      0x54c ../softwareVol1_bsp/\libucosii_bsp.a(igmp_cmn.o)
 .rodata        0x0d04f200       0xb8 ../softwareVol1_bsp/\libucosii_bsp.a(in_utils.o)
 .rodata        0x0d04f2b8       0x34 ../softwareVol1_bsp/\libucosii_bsp.a(netmain.o)
 .rodata        0x0d04f2ec      0x1a8 ../softwareVol1_bsp/\libucosii_bsp.a(tk_crnos.o)
 .rodata        0x0d04f494        0x8 ../softwareVol1_bsp/\libucosii_bsp.a(dhcpclnt.o)
 .rodata        0x0d04f49c      0x118 ../softwareVol1_bsp/\libucosii_bsp.a(pktalloc.o)
 .rodata        0x0d04f5b4       0x84 ../softwareVol1_bsp/\libucosii_bsp.a(udp_open.o)
 .rodata        0x0d04f638       0x2c ../softwareVol1_bsp/\libucosii_bsp.a(brdutils.o)
 .rodata        0x0d04f664      0x26c ../softwareVol1_bsp/\libucosii_bsp.a(osportco.o)
 .rodata        0x0d04f8d0       0xa0 ../softwareVol1_bsp/\libucosii_bsp.a(targnios.o)
 .rodata        0x0d04f970       0x90 ../softwareVol1_bsp/\libucosii_bsp.a(nptcp.o)
 .rodata        0x0d04fa00        0x8 ../softwareVol1_bsp/\libucosii_bsp.a(sockcall.o)
 .rodata        0x0d04fa08       0x50 ../softwareVol1_bsp/\libucosii_bsp.a(socket.o)
 .rodata        0x0d04fa58       0x40 ../softwareVol1_bsp/\libucosii_bsp.a(socket2.o)
 .rodata        0x0d04fa98       0x20 ../softwareVol1_bsp/\libucosii_bsp.a(tcp_in.o)
 .rodata        0x0d04fab8       0x40 ../softwareVol1_bsp/\libucosii_bsp.a(tcp_out.o)
 .rodata        0x0d04faf8       0x24 ../softwareVol1_bsp/\libucosii_bsp.a(tcp_subr.o)
 .rodata        0x0d04fb1c       0x2c ../softwareVol1_bsp/\libucosii_bsp.a(tcp_usr.o)
 .rodata        0x0d04fb48        0xc ../softwareVol1_bsp/\libucosii_bsp.a(alt_dev.o)
 .rodata        0x0d04fb54        0x4 ../softwareVol1_bsp/\libucosii_bsp.a(os_cpu_c.o)
 .rodata        0x0d04fb58     0x1cc0 ../softwareVol1_bsp/\libucosii_bsp.a(altera_avalon_tse.o)
 .rodata        0x0d051818      0x1d4 ../softwareVol1_bsp/\libucosii_bsp.a(allports.o)
 .rodata        0x0d0519ec       0x34 ../softwareVol1_bsp/\libucosii_bsp.a(tk_misc.o)
 .rodata        0x0d051a20       0x44 ../softwareVol1_bsp/\libucosii_bsp.a(et_arp.o)
 .rodata        0x0d051a64      0x1dc ../softwareVol1_bsp/\libucosii_bsp.a(ip.o)
 .rodata        0x0d051c40      0x158 ../softwareVol1_bsp/\libucosii_bsp.a(ip_reasm.o)
 .rodata        0x0d051d98      0x120 ../softwareVol1_bsp/\libucosii_bsp.a(ipdemux.o)
 .rodata        0x0d051eb8       0x34 ../softwareVol1_bsp/\libucosii_bsp.a(ipport.o)
 .rodata        0x0d051eec       0x24 ../softwareVol1_bsp/\libucosii_bsp.a(ipraw.o)
 .rodata        0x0d051f10       0x38 ../softwareVol1_bsp/\libucosii_bsp.a(iproute.o)
 .rodata        0x0d051f48       0xe8 ../softwareVol1_bsp/\libucosii_bsp.a(udp.o)
 .rodata        0x0d052030      0x2d0 ../softwareVol1_bsp/\libucosii_bsp.a(u_mctest.o)
 .rodata        0x0d052300       0xf8 ../softwareVol1_bsp/\libucosii_bsp.a(dhcsetup.o)
 .rodata        0x0d0523f8       0x94 ../softwareVol1_bsp/\libucosii_bsp.a(parseip.o)
 .rodata        0x0d05248c       0x34 ../softwareVol1_bsp/\libucosii_bsp.a(vfsfiles.o)
 .rodata        0x0d0524c0      0x318 ../softwareVol1_bsp/\libucosii_bsp.a(icmp.o)
 *(.rodata1)
                0x0d0527d8                . = ALIGN (0x4)
                0x0d0527d8                PROVIDE (__ram_rodata_end, ABSOLUTE (.))
                0x0d04c764                PROVIDE (__flash_rodata_start, LOADADDR (.rodata))

.rwdata         0x0d0527d8     0x21fc load address 0x0d0549d4
                0x0d0527d8                PROVIDE (__ram_rwdata_start, ABSOLUTE (.))
                0x0d0527d8                . = ALIGN (0x4)
 *(.got.plt)
 *(.got)
 *(.data1)
 *(.data .data.* .gnu.linkonce.d.*)
 .data          0x0d0527d8        0x0 ../softwareVol1_bsp//obj/HAL/src/crt0.o
 .data          0x0d0527d8        0x0 obj/default/alt_error_handler.o
 .data          0x0d0527d8       0x18 obj/default/iniche_init.o
                0x0d0527d8                ssstask
 .data          0x0d0527f0        0x0 obj/default/led.o
 .data          0x0d0527f0        0x0 obj/default/network_utilities.o
 .data          0x0d0527f0        0x0 obj/default/simple_socket_server.o
 .data          0x0d0527f0      0x120 obj/default/tse_my_system.o
                0x0d0527f0                tse_mac_device
 .data          0x0d052910        0x0 c:/altera/12.1/nios2eds/bin/gnu/h-i686-mingw32/bin/../lib/gcc/nios2-elf/4.1.2/mno-hw-mul\libgcc.a(lib2-mul.o)
 .data          0x0d052910        0x0 c:/altera/12.1/nios2eds/bin/gnu/h-i686-mingw32/bin/../lib/gcc/nios2-elf/4.1.2/../../../../nios2-elf/lib/mno-hw-mul\libc.a(lib_a-ctype_.o)
 .data          0x0d052910        0x0 c:/altera/12.1/nios2eds/bin/gnu/h-i686-mingw32/bin/../lib/gcc/nios2-elf/4.1.2/../../../../nios2-elf/lib/mno-hw-mul\libc.a(lib_a-fprintf.o)
 .data          0x0d052910        0x0 c:/altera/12.1/nios2eds/bin/gnu/h-i686-mingw32/bin/../lib/gcc/nios2-elf/4.1.2/../../../../nios2-elf/lib/mno-hw-mul\libc.a(lib_a-fwrite.o)
 .data          0x0d052910        0x0 c:/altera/12.1/nios2eds/bin/gnu/h-i686-mingw32/bin/../lib/gcc/nios2-elf/4.1.2/../../../../nios2-elf/lib/mno-hw-mul\libc.a(lib_a-getc.o)
 .data          0x0d052910      0x400 c:/altera/12.1/nios2eds/bin/gnu/h-i686-mingw32/bin/../lib/gcc/nios2-elf/4.1.2/../../../../nios2-elf/lib/mno-hw-mul\libc.a(lib_a-impure.o)
 .data          0x0d052d10        0x0 c:/altera/12.1/nios2eds/bin/gnu/h-i686-mingw32/bin/../lib/gcc/nios2-elf/4.1.2/../../../../nios2-elf/lib/mno-hw-mul\libc.a(lib_a-memcpy.o)
 .data          0x0d052d10        0x0 c:/altera/12.1/nios2eds/bin/gnu/h-i686-mingw32/bin/../lib/gcc/nios2-elf/4.1.2/../../../../nios2-elf/lib/mno-hw-mul\libc.a(lib_a-memmove.o)
 .data          0x0d052d10        0x0 c:/altera/12.1/nios2eds/bin/gnu/h-i686-mingw32/bin/../lib/gcc/nios2-elf/4.1.2/../../../../nios2-elf/lib/mno-hw-mul\libc.a(lib_a-memset.o)
 .data          0x0d052d10        0x0 c:/altera/12.1/nios2eds/bin/gnu/h-i686-mingw32/bin/../lib/gcc/nios2-elf/4.1.2/../../../../nios2-elf/lib/mno-hw-mul\libc.a(lib_a-perror.o)
 .data          0x0d052d10        0x0 c:/altera/12.1/nios2eds/bin/gnu/h-i686-mingw32/bin/../lib/gcc/nios2-elf/4.1.2/../../../../nios2-elf/lib/mno-hw-mul\libc.a(lib_a-printf.o)
 .data          0x0d052d10        0x0 c:/altera/12.1/nios2eds/bin/gnu/h-i686-mingw32/bin/../lib/gcc/nios2-elf/4.1.2/../../../../nios2-elf/lib/mno-hw-mul\libc.a(lib_a-putc.o)
 .data          0x0d052d10        0x0 c:/altera/12.1/nios2eds/bin/gnu/h-i686-mingw32/bin/../lib/gcc/nios2-elf/4.1.2/../../../../nios2-elf/lib/mno-hw-mul\libc.a(lib_a-putchar.o)
 .data          0x0d052d10        0x0 c:/altera/12.1/nios2eds/bin/gnu/h-i686-mingw32/bin/../lib/gcc/nios2-elf/4.1.2/../../../../nios2-elf/lib/mno-hw-mul\libc.a(lib_a-puts.o)
 .data          0x0d052d10        0x0 c:/altera/12.1/nios2eds/bin/gnu/h-i686-mingw32/bin/../lib/gcc/nios2-elf/4.1.2/../../../../nios2-elf/lib/mno-hw-mul\libc.a(lib_a-rget.o)
 .data          0x0d052d10        0x0 c:/altera/12.1/nios2eds/bin/gnu/h-i686-mingw32/bin/../lib/gcc/nios2-elf/4.1.2/../../../../nios2-elf/lib/mno-hw-mul\libc.a(lib_a-sprintf.o)
 .data          0x0d052d10        0x0 c:/altera/12.1/nios2eds/bin/gnu/h-i686-mingw32/bin/../lib/gcc/nios2-elf/4.1.2/../../../../nios2-elf/lib/mno-hw-mul\libc.a(lib_a-strchr.o)
 .data          0x0d052d10        0x0 c:/altera/12.1/nios2eds/bin/gnu/h-i686-mingw32/bin/../lib/gcc/nios2-elf/4.1.2/../../../../nios2-elf/lib/mno-hw-mul\libc.a(lib_a-strerror.o)
 .data          0x0d052d10        0x0 c:/altera/12.1/nios2eds/bin/gnu/h-i686-mingw32/bin/../lib/gcc/nios2-elf/4.1.2/../../../../nios2-elf/lib/mno-hw-mul\libc.a(lib_a-strlen.o)
 .data          0x0d052d10        0x0 c:/altera/12.1/nios2eds/bin/gnu/h-i686-mingw32/bin/../lib/gcc/nios2-elf/4.1.2/../../../../nios2-elf/lib/mno-hw-mul\libc.a(lib_a-u_strerr.o)
 .data          0x0d052d10        0x0 c:/altera/12.1/nios2eds/bin/gnu/h-i686-mingw32/bin/../lib/gcc/nios2-elf/4.1.2/../../../../nios2-elf/lib/mno-hw-mul\libc.a(lib_a-vfprintf.o)
 .data          0x0d052d10        0x0 c:/altera/12.1/nios2eds/bin/gnu/h-i686-mingw32/bin/../lib/gcc/nios2-elf/4.1.2/../../../../nios2-elf/lib/mno-hw-mul\libc.a(lib_a-wbuf.o)
 .data          0x0d052d10        0x0 c:/altera/12.1/nios2eds/bin/gnu/h-i686-mingw32/bin/../lib/gcc/nios2-elf/4.1.2/../../../../nios2-elf/lib/mno-hw-mul\libc.a(lib_a-wsetup.o)
 .data          0x0d052d10        0x0 c:/altera/12.1/nios2eds/bin/gnu/h-i686-mingw32/bin/../lib/gcc/nios2-elf/4.1.2/../../../../nios2-elf/lib/mno-hw-mul\libc.a(lib_a-dtoa.o)
 .data          0x0d052d10        0x0 c:/altera/12.1/nios2eds/bin/gnu/h-i686-mingw32/bin/../lib/gcc/nios2-elf/4.1.2/../../../../nios2-elf/lib/mno-hw-mul\libc.a(lib_a-fflush.o)
 .data          0x0d052d10        0x0 c:/altera/12.1/nios2eds/bin/gnu/h-i686-mingw32/bin/../lib/gcc/nios2-elf/4.1.2/../../../../nios2-elf/lib/mno-hw-mul\libc.a(lib_a-findfp.o)
 .data          0x0d052d10        0x0 c:/altera/12.1/nios2eds/bin/gnu/h-i686-mingw32/bin/../lib/gcc/nios2-elf/4.1.2/../../../../nios2-elf/lib/mno-hw-mul\libc.a(lib_a-fputc.o)
 .data          0x0d052d10        0x0 c:/altera/12.1/nios2eds/bin/gnu/h-i686-mingw32/bin/../lib/gcc/nios2-elf/4.1.2/../../../../nios2-elf/lib/mno-hw-mul\libc.a(lib_a-fputs.o)
 .data          0x0d052d10        0x0 c:/altera/12.1/nios2eds/bin/gnu/h-i686-mingw32/bin/../lib/gcc/nios2-elf/4.1.2/../../../../nios2-elf/lib/mno-hw-mul\libc.a(lib_a-freer.o)